Archive member included to satisfy reference by file (symbol)

/usr/lib/gcc/arm-none-eabi/10.3.1/thumb/v7-m/nofp/libgcc.a(_aeabi_ldivmod.o)
                              build//home/kj/FreeRTOS_Sagar/FreeRTOS_Master/FreeRTOS-Plus/Source/FreeRTOS-Plus-TCP/source/FreeRTOS_TCP_IP.o (__aeabi_ldivmod)
/usr/lib/gcc/arm-none-eabi/10.3.1/thumb/v7-m/nofp/libgcc.a(_aeabi_uldivmod.o)
                              build//home/kj/FreeRTOS_Sagar/FreeRTOS_Master/FreeRTOS-Plus/Source/FreeRTOS-Plus-TCP/source/FreeRTOS_TCP_IP.o (__aeabi_uldivmod)
/usr/lib/gcc/arm-none-eabi/10.3.1/thumb/v7-m/nofp/libgcc.a(_udivmoddi4.o)
                              /usr/lib/gcc/arm-none-eabi/10.3.1/thumb/v7-m/nofp/libgcc.a(_aeabi_ldivmod.o) (__udivmoddi4)
/usr/lib/gcc/arm-none-eabi/10.3.1/thumb/v7-m/nofp/libgcc.a(_dvmd_tls.o)
                              /usr/lib/gcc/arm-none-eabi/10.3.1/thumb/v7-m/nofp/libgcc.a(_aeabi_ldivmod.o) (__aeabi_ldiv0)
/usr/lib/gcc/arm-none-eabi/10.3.1/../../../arm-none-eabi/lib/thumb/v7-m/nofp/libc_nano.a(lib_a-malloc.o)
                              build//home/kj/FreeRTOS_Sagar/FreeRTOS_Master/FreeRTOS/Source/portable/MemMang/heap_3.o (malloc)
/usr/lib/gcc/arm-none-eabi/10.3.1/../../../arm-none-eabi/lib/thumb/v7-m/nofp/libc_nano.a(lib_a-memcmp.o)
                              build//home/kj/FreeRTOS_Sagar/FreeRTOS_Master/FreeRTOS-Plus/Source/FreeRTOS-Plus-TCP/source/FreeRTOS_ARP.o (memcmp)
/usr/lib/gcc/arm-none-eabi/10.3.1/../../../arm-none-eabi/lib/thumb/v7-m/nofp/libc_nano.a(lib_a-memcpy.o)
                              build//home/kj/FreeRTOS_Sagar/FreeRTOS_Master/FreeRTOS/Source/queue.o (memcpy)
/usr/lib/gcc/arm-none-eabi/10.3.1/../../../arm-none-eabi/lib/thumb/v7-m/nofp/libc_nano.a(lib_a-memmove.o)
                              build//home/kj/FreeRTOS_Sagar/FreeRTOS_Master/FreeRTOS-Plus/Source/FreeRTOS-Plus-TCP/source/FreeRTOS_IPv4.o (memmove)
/usr/lib/gcc/arm-none-eabi/10.3.1/../../../arm-none-eabi/lib/thumb/v7-m/nofp/libc_nano.a(lib_a-memset.o)
                              build/app/demos/demo_echo_server.o (memset)
/usr/lib/gcc/arm-none-eabi/10.3.1/../../../arm-none-eabi/lib/thumb/v7-m/nofp/libc_nano.a(lib_a-nano-freer.o)
                              /usr/lib/gcc/arm-none-eabi/10.3.1/../../../arm-none-eabi/lib/thumb/v7-m/nofp/libc_nano.a(lib_a-malloc.o) (_free_r)
/usr/lib/gcc/arm-none-eabi/10.3.1/../../../arm-none-eabi/lib/thumb/v7-m/nofp/libc_nano.a(lib_a-nano-mallocr.o)
                              /usr/lib/gcc/arm-none-eabi/10.3.1/../../../arm-none-eabi/lib/thumb/v7-m/nofp/libc_nano.a(lib_a-malloc.o) (_malloc_r)
/usr/lib/gcc/arm-none-eabi/10.3.1/../../../arm-none-eabi/lib/thumb/v7-m/nofp/libc_nano.a(lib_a-printf.o)
                              build/platform/main_networking.o (printf)
/usr/lib/gcc/arm-none-eabi/10.3.1/../../../arm-none-eabi/lib/thumb/v7-m/nofp/libc_nano.a(lib_a-puts.o)
                              build/TCPEchoClient_SingleTasks.o (puts)
/usr/lib/gcc/arm-none-eabi/10.3.1/../../../arm-none-eabi/lib/thumb/v7-m/nofp/libc_nano.a(lib_a-sbrkr.o)
                              /usr/lib/gcc/arm-none-eabi/10.3.1/../../../arm-none-eabi/lib/thumb/v7-m/nofp/libc_nano.a(lib_a-nano-mallocr.o) (_sbrk_r)
/usr/lib/gcc/arm-none-eabi/10.3.1/../../../arm-none-eabi/lib/thumb/v7-m/nofp/libc_nano.a(lib_a-snprintf.o)
                              build/tcp_heartbeat_demo.o (snprintf)
/usr/lib/gcc/arm-none-eabi/10.3.1/../../../arm-none-eabi/lib/thumb/v7-m/nofp/libc_nano.a(lib_a-sprintf.o)
                              build/TCPEchoClient_SingleTasks.o (sprintf)
/usr/lib/gcc/arm-none-eabi/10.3.1/../../../arm-none-eabi/lib/thumb/v7-m/nofp/libc_nano.a(lib_a-strchr.o)
                              build//home/kj/FreeRTOS_Sagar/FreeRTOS_Master/FreeRTOS-Plus/Source/FreeRTOS-Plus-TCP/source/FreeRTOS_DNS.o (strchr)
/usr/lib/gcc/arm-none-eabi/10.3.1/../../../arm-none-eabi/lib/thumb/v7-m/nofp/libc_nano.a(lib_a-strcmp.o)
                              build//home/kj/FreeRTOS_Sagar/FreeRTOS_Master/FreeRTOS-Plus/Source/FreeRTOS-Plus-TCP/source/FreeRTOS_DNS.o (strcmp)
/usr/lib/gcc/arm-none-eabi/10.3.1/../../../arm-none-eabi/lib/thumb/v7-m/nofp/libc_nano.a(lib_a-strlen-stub.o)
                              build//home/kj/FreeRTOS_Sagar/FreeRTOS_Master/FreeRTOS-Plus/Source/FreeRTOS-Plus-TCP/source/FreeRTOS_DNS.o (strlen)
/usr/lib/gcc/arm-none-eabi/10.3.1/../../../arm-none-eabi/lib/thumb/v7-m/nofp/libc_nano.a(lib_a-strncmp.o)
                              build/TCPEchoClient_SingleTasks.o (strncmp)
/usr/lib/gcc/arm-none-eabi/10.3.1/../../../arm-none-eabi/lib/thumb/v7-m/nofp/libc_nano.a(lib_a-strncpy.o)
                              build//home/kj/FreeRTOS_Sagar/FreeRTOS_Master/FreeRTOS-Plus/Source/FreeRTOS-Plus-TCP/source/FreeRTOS_DNS.o (strncpy)
/usr/lib/gcc/arm-none-eabi/10.3.1/../../../arm-none-eabi/lib/thumb/v7-m/nofp/libc_nano.a(lib_a-time.o)
                              build/platform/main_networking.o (time)
/usr/lib/gcc/arm-none-eabi/10.3.1/../../../arm-none-eabi/lib/thumb/v7-m/nofp/libc_nano.a(lib_a-vprintf.o)
[...]
Memory Configuration

Name             Origin             Length             Attributes
FLASH            0x0000000000000000 0x0000000000400000 xr
RAM              0x0000000020000000 0x0000000000400000 xrw
*default*        0x0000000000000000 0xffffffffffffffff

Linker script and memory map

LOAD build/startup.o
LOAD build/syscalls.o
LOAD build/platform/main.o
LOAD build/platform/main_networking.o
LOAD build/app/app_main.o
LOAD build/app/network_role.o
LOAD build/app/demo_selector.o
LOAD build/app/demos/demo_echo.o
LOAD build/app/demos/demo_echo_server.o
LOAD build/app/demos/demo_heartbeat.o
LOAD build/app/demos/demo_someip/demo_someip.o
LOAD build/app/demos/demo_someip/someip_server.o
LOAD build/app/demos/demo_someip/someip_protocol.o
LOAD build/TCPEchoClient_SingleTasks.o
LOAD build/tcp_heartbeat_demo.o
LOAD build//home/kj/FreeRTOS_Sagar/FreeRTOS_Master/FreeRTOS/Source/tasks.o
LOAD build//home/kj/FreeRTOS_Sagar/FreeRTOS_Master/FreeRTOS/Source/list.o
LOAD build//home/kj/FreeRTOS_Sagar/FreeRTOS_Master/FreeRTOS/Source/queue.o
LOAD build//home/kj/FreeRTOS_Sagar/FreeRTOS_Master/FreeRTOS/Source/event_groups.o
LOAD build//home/kj/FreeRTOS_Sagar/FreeRTOS_Master/FreeRTOS/Source/portable/GCC/ARM_CM3/port.o
LOAD build//home/kj/FreeRTOS_Sagar/FreeRTOS_Master/FreeRTOS/Source/portable/MemMang/heap_3.o
LOAD build//home/kj/FreeRTOS_Sagar/FreeRTOS_Master/FreeRTOS-Plus/Source/FreeRTOS-Plus-TCP/source/FreeRTOS_ARP.o
LOAD build//home/kj/FreeRTOS_Sagar/FreeRTOS_Master/FreeRTOS-Plus/Source/FreeRTOS-Plus-TCP/source/FreeRTOS_BitConfig.o
LOAD build//home/kj/FreeRTOS_Sagar/FreeRTOS_Master/FreeRTOS-Plus/Source/FreeRTOS-Plus-TCP/source/FreeRTOS_DHCP.o
LOAD build//home/kj/FreeRTOS_Sagar/FreeRTOS_Master/FreeRTOS-Plus/Source/FreeRTOS-Plus-TCP/source/FreeRTOS_DHCPv6.o
LOAD build//home/kj/FreeRTOS_Sagar/FreeRTOS_Master/FreeRTOS-Plus/Source/FreeRTOS-Plus-TCP/source/FreeRTOS_DNS.o
LOAD build//home/kj/FreeRTOS_Sagar/FreeRTOS_Master/FreeRTOS-Plus/Source/FreeRTOS-Plus-TCP/source/FreeRTOS_DNS_Cache.o
LOAD build//home/kj/FreeRTOS_Sagar/FreeRTOS_Master/FreeRTOS-Plus/Source/FreeRTOS-Plus-TCP/source/FreeRTOS_DNS_Callback.o
LOAD build//home/kj/FreeRTOS_Sagar/FreeRTOS_Master/FreeRTOS-Plus/Source/FreeRTOS-Plus-TCP/source/FreeRTOS_DNS_Networking.o
LOAD build//home/kj/FreeRTOS_Sagar/FreeRTOS_Master/FreeRTOS-Plus/Source/FreeRTOS-Plus-TCP/source/FreeRTOS_DNS_Parser.o
LOAD build//home/kj/FreeRTOS_Sagar/FreeRTOS_Master/FreeRTOS-Plus/Source/FreeRTOS-Plus-TCP/source/FreeRTOS_ICMP.o
LOAD build//home/kj/FreeRTOS_Sagar/FreeRTOS_Master/FreeRTOS-Plus/Source/FreeRTOS-Plus-TCP/source/FreeRTOS_IP.o
LOAD build//home/kj/FreeRTOS_Sagar/FreeRTOS_Master/FreeRTOS-Plus/Source/FreeRTOS-Plus-TCP/source/FreeRTOS_IP_Timers.o
LOAD build//home/kj/FreeRTOS_Sagar/FreeRTOS_Master/FreeRTOS-Plus/Source/FreeRTOS-Plus-TCP/source/FreeRTOS_IP_Utils.o
LOAD build//home/kj/FreeRTOS_Sagar/FreeRTOS_Master/FreeRTOS-Plus/Source/FreeRTOS-Plus-TCP/source/FreeRTOS_IPv4.o
LOAD build//home/kj/FreeRTOS_Sagar/FreeRTOS_Master/FreeRTOS-Plus/Source/FreeRTOS-Plus-TCP/source/FreeRTOS_IPv4_Sockets.o
LOAD build//home/kj/FreeRTOS_Sagar/FreeRTOS_Master/FreeRTOS-Plus/Source/FreeRTOS-Plus-TCP/source/FreeRTOS_IPv4_Utils.o
LOAD build//home/kj/FreeRTOS_Sagar/FreeRTOS_Master/FreeRTOS-Plus/Source/FreeRTOS-Plus-TCP/source/FreeRTOS_IPv6.o
LOAD build//home/kj/FreeRTOS_Sagar/FreeRTOS_Master/FreeRTOS-Plus/Source/FreeRTOS-Plus-TCP/source/FreeRTOS_IPv6_Sockets.o
LOAD build//home/kj/FreeRTOS_Sagar/FreeRTOS_Master/FreeRTOS-Plus/Source/FreeRTOS-Plus-TCP/source/FreeRTOS_IPv6_Utils.o
LOAD build//home/kj/FreeRTOS_Sagar/FreeRTOS_Master/FreeRTOS-Plus/Source/FreeRTOS-Plus-TCP/source/FreeRTOS_ND.o
LOAD build//home/kj/FreeRTOS_Sagar/FreeRTOS_Master/FreeRTOS-Plus/Source/FreeRTOS-Plus-TCP/source/FreeRTOS_RA.o
LOAD build//home/kj/FreeRTOS_Sagar/FreeRTOS_Master/FreeRTOS-Plus/Source/FreeRTOS-Plus-TCP/source/FreeRTOS_Routing.o
LOAD build//home/kj/FreeRTOS_Sagar/FreeRTOS_Master/FreeRTOS-Plus/Source/FreeRTOS-Plus-TCP/source/FreeRTOS_Sockets.o
LOAD build//home/kj/FreeRTOS_Sagar/FreeRTOS_Master/FreeRTOS-Plus/Source/FreeRTOS-Plus-TCP/source/FreeRTOS_Stream_Buffer.o
LOAD build//home/kj/FreeRTOS_Sagar/FreeRTOS_Master/FreeRTOS-Plus/Source/FreeRTOS-Plus-TCP/source/FreeRTOS_TCP_IP.o
LOAD build//home/kj/FreeRTOS_Sagar/FreeRTOS_Master/FreeRTOS-Plus/Source/FreeRTOS-Plus-TCP/source/FreeRTOS_TCP_IP_IPv4.o
LOAD build//home/kj/FreeRTOS_Sagar/FreeRTOS_Master/FreeRTOS-Plus/Source/FreeRTOS-Plus-TCP/source/FreeRTOS_TCP_IP_IPv6.o
LOAD build//home/kj/FreeRTOS_Sagar/FreeRTOS_Master/FreeRTOS-Plus/Source/FreeRTOS-Plus-TCP/source/FreeRTOS_TCP_Reception.o
LOAD build//home/kj/FreeRTOS_Sagar/FreeRTOS_Master/FreeRTOS-Plus/Source/FreeRTOS-Plus-TCP/source/FreeRTOS_TCP_State_Handling.o
LOAD build//home/kj/FreeRTOS_Sagar/FreeRTOS_Master/FreeRTOS-Plus/Source/FreeRTOS-Plus-TCP/source/FreeRTOS_TCP_State_Handling_IPv4.o
LOAD build//home/kj/FreeRTOS_Sagar/FreeRTOS_Master/FreeRTOS-Plus/Source/FreeRTOS-Plus-TCP/source/FreeRTOS_TCP_State_Handling_IPv6.o
LOAD build//home/kj/FreeRTOS_Sagar/FreeRTOS_Master/FreeRTOS-Plus/Source/FreeRTOS-Plus-TCP/source/FreeRTOS_TCP_Transmission.o
LOAD build//home/kj/FreeRTOS_Sagar/FreeRTOS_Master/FreeRTOS-Plus/Source/FreeRTOS-Plus-TCP/source/FreeRTOS_TCP_Transmission_IPv4.o
LOAD build//home/kj/FreeRTOS_Sagar/FreeRTOS_Master/FreeRTOS-Plus/Source/FreeRTOS-Plus-TCP/source/FreeRTOS_TCP_Transmission_IPv6.o
LOAD build//home/kj/FreeRTOS_Sagar/FreeRTOS_Master/FreeRTOS-Plus/Source/FreeRTOS-Plus-TCP/source/FreeRTOS_TCP_Utils.o
LOAD build//home/kj/FreeRTOS_Sagar/FreeRTOS_Master/FreeRTOS-Plus/Source/FreeRTOS-Plus-TCP/source/FreeRTOS_TCP_Utils_IPv4.o
LOAD build//home/kj/FreeRTOS_Sagar/FreeRTOS_Master/FreeRTOS-Plus/Source/FreeRTOS-Plus-TCP/source/FreeRTOS_TCP_Utils_IPv6.o
LOAD build//home/kj/FreeRTOS_Sagar/FreeRTOS_Master/FreeRTOS-Plus/Source/FreeRTOS-Plus-TCP/source/FreeRTOS_TCP_WIN.o
LOAD build//home/kj/FreeRTOS_Sagar/FreeRTOS_Master/FreeRTOS-Plus/Source/FreeRTOS-Plus-TCP/source/FreeRTOS_Tiny_TCP.o
LOAD build//home/kj/FreeRTOS_Sagar/FreeRTOS_Master/FreeRTOS-Plus/Source/FreeRTOS-Plus-TCP/source/FreeRTOS_UDP_IP.o
LOAD build//home/kj/FreeRTOS_Sagar/FreeRTOS_Master/FreeRTOS-Plus/Source/FreeRTOS-Plus-TCP/source/FreeRTOS_UDP_IPv4.o
LOAD build//home/kj/FreeRTOS_Sagar/FreeRTOS_Master/FreeRTOS-Plus/Source/FreeRTOS-Plus-TCP/source/FreeRTOS_UDP_IPv6.o
LOAD build//home/kj/FreeRTOS_Sagar/FreeRTOS_Master/FreeRTOS-Plus/Source/FreeRTOS-Plus-TCP/source/portable/BufferManagement/BufferAllocation_2.o
LOAD build//home/kj/FreeRTOS_Sagar/FreeRTOS_Master/FreeRTOS-Plus/Source/FreeRTOS-Plus-TCP/source/portable/NetworkInterface/MPS2_AN385/NetworkInterface.o
LOAD build//home/kj/FreeRTOS_Sagar/FreeRTOS_Master/FreeRTOS-Plus/Source/FreeRTOS-Plus-TCP/source/portable/NetworkInterface/MPS2_AN385/ether_lan9118/smsc9220_eth_drv.o
START GROUP
LOAD /usr/lib/gcc/arm-none-eabi/10.3.1/thumb/v7-m/nofp/libgcc.a
LOAD /usr/lib/gcc/arm-none-eabi/10.3.1/../../../arm-none-eabi/lib/thumb/v7-m/nofp/libc_nano.a
END GROUP
START GROUP
LOAD /usr/lib/gcc/arm-none-eabi/10.3.1/thumb/v7-m/nofp/libgcc.a
LOAD /usr/lib/gcc/arm-none-eabi/10.3.1/../../../arm-none-eabi/lib/thumb/v7-m/nofp/libc_nano.a
LOAD /usr/lib/gcc/arm-none-eabi/10.3.1/../../../arm-none-eabi/lib/thumb/v7-m/nofp/librdimon_nano.a
LOAD /usr/lib/gcc/arm-none-eabi/10.3.1/../../../arm-none-eabi/lib/thumb/v7-m/nofp/libnosys.a
END GROUP
START GROUP
LOAD /usr/lib/gcc/arm-none-eabi/10.3.1/thumb/v7-m/nofp/libgcc.a
LOAD /usr/lib/gcc/arm-none-eabi/10.3.1/../../../arm-none-eabi/lib/thumb/v7-m/nofp/libc_nano.a
LOAD /usr/lib/gcc/arm-none-eabi/10.3.1/../../../arm-none-eabi/lib/thumb/v7-m/nofp/libnosys.a
END GROUP
START GROUP
LOAD /usr/lib/gcc/arm-none-eabi/10.3.1/thumb/v7-m/nofp/libgcc.a
LOAD /usr/lib/gcc/arm-none-eabi/10.3.1/../../../arm-none-eabi/lib/thumb/v7-m/nofp/libc_nano.a
LOAD /usr/lib/gcc/arm-none-eabi/10.3.1/../../../arm-none-eabi/lib/thumb/v7-m/nofp/librdimon_nano.a
END GROUP
                0x0000000000040000                _Min_Heap_Size = 0x40000
                0x0000000000004000                _Min_Stack_Size = 0x4000
                0x0000000000000100                M_VECTOR_RAM_SIZE = 0x100
                0x0000000020400000                _estack = (ORIGIN (RAM) + LENGTH (RAM))

.isr_vector     0x0000000000000000       0x78
                0x0000000000000000                __vector_table = .
 *(.isr_vector)
 .isr_vector    0x0000000000000000       0x78 build/startup.o
                0x0000000000000000                isr_vector
                0x0000000000000078                . = ALIGN (0x4)

.text           0x0000000000000078     0xb8e0
                0x0000000000000078                . = ALIGN (0x4)
 *(.text*)
 .text.Reset_Handler
                0x0000000000000078       0x4c build/startup.o
                0x0000000000000078                Reset_Handler
 .text.Default_Handler
                0x00000000000000c4        0xc build/startup.o
 .text.Default_Handler2
                0x00000000000000d0       0x18 build/startup.o
 .text.Default_Handler3
                0x00000000000000e8        0x2 build/startup.o
 .text.Default_Handler4
                0x00000000000000ea        0x2 build/startup.o
 .text.Default_Handler5
                0x00000000000000ec        0x2 build/startup.o
 .text.Default_Handler6
                0x00000000000000ee        0x2 build/startup.o
 .text.prvGetRegistersFromStack
                0x00000000000000f0       0x24 build/startup.o
 .text.exit     0x0000000000000114       0x14 build/startup.o
                0x0000000000000114                exit
 .text._start   0x0000000000000128       0x10 build/startup.o
                0x0000000000000128                _start
 .text.uart_init
                0x0000000000000138        0xe build/syscalls.o
                0x0000000000000138                uart_init
 .text._fstat   0x0000000000000146        0x4 build/syscalls.o
                0x0000000000000146                _fstat
 .text._read    0x000000000000014a        0x6 build/syscalls.o
                0x000000000000014a                _read
 .text._write   0x0000000000000150       0x1a build/syscalls.o
                0x0000000000000150                _write
 *fill*         0x000000000000016a        0x2 
 .text._sbrk    0x000000000000016c       0x20 build/syscalls.o
                0x000000000000016c                _sbrk
 .text.startup.main
                0x000000000000018c        0x8 build/platform/main.o
                0x000000000000018c                main
 .text.vApplicationMallocFailedHook
                0x0000000000000194       0x12 build/platform/main.o
                0x0000000000000194                vApplicationMallocFailedHook
 .text.vAssertCalled
                0x00000000000001a6       0x1a build/platform/main.o
                0x00000000000001a6                vAssertCalled
 .text.vLoggingPrintf
                0x00000000000001c0       0x1a build/platform/main.o
                0x00000000000001c0                vLoggingPrintf
 *fill*         0x00000000000001da        0x2 
 .text.main_tcp_network_init
                0x00000000000001dc       0x6c build/platform/main_networking.o
                0x00000000000001dc                main_tcp_network_init
 .text.vApplicationIPNetworkEventHook_Multi
                0x0000000000000248       0x78 build/platform/main_networking.o
                0x0000000000000248                vApplicationIPNetworkEventHook_Multi
 .text.xApplicationDNSQueryHook_Multi
                0x00000000000002c0        0x4 build/platform/main_networking.o
                0x00000000000002c0                xApplicationDNSQueryHook_Multi
 .text.ulApplicationGetNextSequenceNumber
                0x00000000000002c4       0x1c build/platform/main_networking.o
                0x00000000000002c4                ulApplicationGetNextSequenceNumber
 .text.xApplicationGetRandomNumber
                0x00000000000002e0       0x20 build/platform/main_networking.o
                0x00000000000002e0                xApplicationGetRandomNumber
 .text.vApplicationStart
                0x0000000000000300       0x2c build/app/app_main.o
                0x0000000000000300                vApplicationStart
 .text.demo_someip_start
                0x000000000000032c       0x2c build/app/demos/demo_someip/demo_someip.o
                0x000000000000032c                demo_someip_start
 .text.someip_server_task
                0x0000000000000358      0x274 build/app/demos/demo_someip/someip_server.o
 .text.someip_server_start
                0x00000000000005cc       0x48 build/app/demos/demo_someip/someip_server.o
                0x00000000000005cc                someip_server_start
 .text.someip_hton
                0x0000000000000614       0x20 build/app/demos/demo_someip/someip_protocol.o
                0x0000000000000614                someip_hton
 .text.someip_ntoh
                0x0000000000000634        0x4 build/app/demos/demo_someip/someip_protocol.o
                0x0000000000000634                someip_ntoh
 .text.prvIdleTask
                0x0000000000000638        0x2 build//home/kj/FreeRTOS_Sagar/FreeRTOS_Master/FreeRTOS/Source/tasks.o
 *fill*         0x000000000000063a        0x2 
 .text.prvResetNextTaskUnblockTime
                0x000000000000063c       0x24 build//home/kj/FreeRTOS_Sagar/FreeRTOS_Master/FreeRTOS/Source/tasks.o
 .text.prvAddCurrentTaskToDelayedList.constprop.0
                0x0000000000000660       0x78 build//home/kj/FreeRTOS_Sagar/FreeRTOS_Master/FreeRTOS/Source/tasks.o
 .text.xTaskCreate
                0x00000000000006d8      0x1c4 build//home/kj/FreeRTOS_Sagar/FreeRTOS_Master/FreeRTOS/Source/tasks.o
                0x00000000000006d8                xTaskCreate
 .text.vTaskStartScheduler
                0x000000000000089c       0x88 build//home/kj/FreeRTOS_Sagar/FreeRTOS_Master/FreeRTOS/Source/tasks.o
                0x000000000000089c                vTaskStartScheduler
 .text.vTaskSuspendAll
                0x0000000000000924       0x10 build//home/kj/FreeRTOS_Sagar/FreeRTOS_Master/FreeRTOS/Source/tasks.o
                0x0000000000000924                vTaskSuspendAll
 .text.xTaskGetTickCount
                0x0000000000000934        0xc build//home/kj/FreeRTOS_Sagar/FreeRTOS_Master/FreeRTOS/Source/tasks.o
                0x0000000000000934                xTaskGetTickCount
 .text.xTaskIncrementTick
                0x0000000000000940      0x17c build//home/kj/FreeRTOS_Sagar/FreeRTOS_Master/FreeRTOS/Source/tasks.o
                0x0000000000000940                xTaskIncrementTick
 .text.xTaskResumeAll
                0x0000000000000abc      0x154 build//home/kj/FreeRTOS_Sagar/FreeRTOS_Master/FreeRTOS/Source/tasks.o
                0x0000000000000abc                xTaskResumeAll
 .text.vTaskDelay
                0x0000000000000c10       0x40 build//home/kj/FreeRTOS_Sagar/FreeRTOS_Master/FreeRTOS/Source/tasks.o
                0x0000000000000c10                vTaskDelay
 .text.vTaskSwitchContext
                0x0000000000000c50       0x6c build//home/kj/FreeRTOS_Sagar/FreeRTOS_Master/FreeRTOS/Source/tasks.o
                0x0000000000000c50                vTaskSwitchContext
 .text.vTaskPlaceOnEventList
                0x0000000000000cbc       0x28 build//home/kj/FreeRTOS_Sagar/FreeRTOS_Master/FreeRTOS/Source/tasks.o
                0x0000000000000cbc                vTaskPlaceOnEventList
 .text.vTaskPlaceOnUnorderedEventList
                0x0000000000000ce4       0x58 build//home/kj/FreeRTOS_Sagar/FreeRTOS_Master/FreeRTOS/Source/tasks.o
                0x0000000000000ce4                vTaskPlaceOnUnorderedEventList
 .text.xTaskRemoveFromEventList
                0x0000000000000d3c       0xc4 build//home/kj/FreeRTOS_Sagar/FreeRTOS_Master/FreeRTOS/Source/tasks.o
                0x0000000000000d3c                xTaskRemoveFromEventList
 .text.vTaskRemoveFromUnorderedEventList
                0x0000000000000e00       0xb0 build//home/kj/FreeRTOS_Sagar/FreeRTOS_Master/FreeRTOS/Source/tasks.o
                0x0000000000000e00                vTaskRemoveFromUnorderedEventList
 .text.vTaskSetTimeOutState
                0x0000000000000eb0       0x2c build//home/kj/FreeRTOS_Sagar/FreeRTOS_Master/FreeRTOS/Source/tasks.o
                0x0000000000000eb0                vTaskSetTimeOutState
 .text.vTaskInternalSetTimeOutState
                0x0000000000000edc       0x18 build//home/kj/FreeRTOS_Sagar/FreeRTOS_Master/FreeRTOS/Source/tasks.o
                0x0000000000000edc                vTaskInternalSetTimeOutState
 .text.xTaskCheckForTimeOut
                0x0000000000000ef4       0x58 build//home/kj/FreeRTOS_Sagar/FreeRTOS_Master/FreeRTOS/Source/tasks.o
                0x0000000000000ef4                xTaskCheckForTimeOut
 .text.vTaskMissedYield
                0x0000000000000f4c        0xc build//home/kj/FreeRTOS_Sagar/FreeRTOS_Master/FreeRTOS/Source/tasks.o
                0x0000000000000f4c                vTaskMissedYield
 .text.xTaskGetCurrentTaskHandle
                0x0000000000000f58        0xc build//home/kj/FreeRTOS_Sagar/FreeRTOS_Master/FreeRTOS/Source/tasks.o
                0x0000000000000f58                xTaskGetCurrentTaskHandle
 .text.xTaskPriorityInherit
                0x0000000000000f64       0xa4 build//home/kj/FreeRTOS_Sagar/FreeRTOS_Master/FreeRTOS/Source/tasks.o
                0x0000000000000f64                xTaskPriorityInherit
 .text.xTaskPriorityDisinherit
                0x0000000000001008       0x8c build//home/kj/FreeRTOS_Sagar/FreeRTOS_Master/FreeRTOS/Source/tasks.o
                0x0000000000001008                xTaskPriorityDisinherit
 .text.vTaskPriorityDisinheritAfterTimeout
                0x0000000000001094       0xa0 build//home/kj/FreeRTOS_Sagar/FreeRTOS_Master/FreeRTOS/Source/tasks.o
                0x0000000000001094                vTaskPriorityDisinheritAfterTimeout
 .text.uxTaskResetEventItemValue
                0x0000000000001134       0x18 build//home/kj/FreeRTOS_Sagar/FreeRTOS_Master/FreeRTOS/Source/tasks.o
                0x0000000000001134                uxTaskResetEventItemValue
 .text.pvTaskIncrementMutexHeldCount
                0x000000000000114c       0x14 build//home/kj/FreeRTOS_Sagar/FreeRTOS_Master/FreeRTOS/Source/tasks.o
                0x000000000000114c                pvTaskIncrementMutexHeldCount
 .text.ulTaskGenericNotifyTake
                0x0000000000001160       0xa0 build//home/kj/FreeRTOS_Sagar/FreeRTOS_Master/FreeRTOS/Source/tasks.o
                0x0000000000001160                ulTaskGenericNotifyTake
 .text.vTaskGenericNotifyGiveFromISR
                0x0000000000001200       0xfc build//home/kj/FreeRTOS_Sagar/FreeRTOS_Master/FreeRTOS/Source/tasks.o
                0x0000000000001200                vTaskGenericNotifyGiveFromISR
 .text.vListInitialise
                0x00000000000012fc       0x16 build//home/kj/FreeRTOS_Sagar/FreeRTOS_Master/FreeRTOS/Source/list.o
                0x00000000000012fc                vListInitialise
 .text.vListInitialiseItem
                0x0000000000001312        0x6 build//home/kj/FreeRTOS_Sagar/FreeRTOS_Master/FreeRTOS/Source/list.o
                0x0000000000001312                vListInitialiseItem
 .text.vListInsertEnd
                0x0000000000001318       0x18 build//home/kj/FreeRTOS_Sagar/FreeRTOS_Master/FreeRTOS/Source/list.o
                0x0000000000001318                vListInsertEnd
 .text.vListInsert
                0x0000000000001330       0x2e build//home/kj/FreeRTOS_Sagar/FreeRTOS_Master/FreeRTOS/Source/list.o
                0x0000000000001330                vListInsert
 .text.uxListRemove
                0x000000000000135e       0x1e build//home/kj/FreeRTOS_Sagar/FreeRTOS_Master/FreeRTOS/Source/list.o
                0x000000000000135e                uxListRemove
 .text.prvIsQueueEmpty
                0x000000000000137c       0x16 build//home/kj/FreeRTOS_Sagar/FreeRTOS_Master/FreeRTOS/Source/queue.o
 .text.prvCopyDataToQueue
                0x0000000000001392       0x6a build//home/kj/FreeRTOS_Sagar/FreeRTOS_Master/FreeRTOS/Source/queue.o
 .text.prvCopyDataFromQueue
                0x00000000000013fc       0x28 build//home/kj/FreeRTOS_Sagar/FreeRTOS_Master/FreeRTOS/Source/queue.o
 .text.prvUnlockQueue
                0x0000000000001424       0x70 build//home/kj/FreeRTOS_Sagar/FreeRTOS_Master/FreeRTOS/Source/queue.o
 .text.xQueueGenericReset
                0x0000000000001494       0x88 build//home/kj/FreeRTOS_Sagar/FreeRTOS_Master/FreeRTOS/Source/queue.o
                0x0000000000001494                xQueueGenericReset
 .text.xQueueGenericCreate
                0x000000000000151c       0x44 build//home/kj/FreeRTOS_Sagar/FreeRTOS_Master/FreeRTOS/Source/queue.o
                0x000000000000151c                xQueueGenericCreate
 .text.xQueueCreateCountingSemaphore
                0x0000000000001560       0x20 build//home/kj/FreeRTOS_Sagar/FreeRTOS_Master/FreeRTOS/Source/queue.o
                0x0000000000001560                xQueueCreateCountingSemaphore
 .text.xQueueGenericSend
                0x0000000000001580      0x122 build//home/kj/FreeRTOS_Sagar/FreeRTOS_Master/FreeRTOS/Source/queue.o
                0x0000000000001580                xQueueGenericSend
 .text.xQueueReceive
                0x00000000000016a2       0xfe build//home/kj/FreeRTOS_Sagar/FreeRTOS_Master/FreeRTOS/Source/queue.o
                0x00000000000016a2                xQueueReceive
 .text.xQueueSemaphoreTake
                0x00000000000017a0      0x134 build//home/kj/FreeRTOS_Sagar/FreeRTOS_Master/FreeRTOS/Source/queue.o
                0x00000000000017a0                xQueueSemaphoreTake
 .text.uxQueueMessagesWaiting
                0x00000000000018d4       0x18 build//home/kj/FreeRTOS_Sagar/FreeRTOS_Master/FreeRTOS/Source/queue.o
                0x00000000000018d4                uxQueueMessagesWaiting
 .text.vQueueDelete
                0x00000000000018ec       0x14 build//home/kj/FreeRTOS_Sagar/FreeRTOS_Master/FreeRTOS/Source/queue.o
                0x00000000000018ec                vQueueDelete
 .text.xEventGroupCreate
                0x0000000000001900       0x1a build//home/kj/FreeRTOS_Sagar/FreeRTOS_Master/FreeRTOS/Source/event_groups.o
                0x0000000000001900                xEventGroupCreate
 .text.xEventGroupWaitBits
                0x000000000000191a       0xce build//home/kj/FreeRTOS_Sagar/FreeRTOS_Master/FreeRTOS/Source/event_groups.o
                0x000000000000191a                xEventGroupWaitBits
 .text.xEventGroupClearBits
                0x00000000000019e8       0x2a build//home/kj/FreeRTOS_Sagar/FreeRTOS_Master/FreeRTOS/Source/event_groups.o
                0x00000000000019e8                xEventGroupClearBits
 .text.xEventGroupSetBits
                0x0000000000001a12       0x6c build//home/kj/FreeRTOS_Sagar/FreeRTOS_Master/FreeRTOS/Source/event_groups.o
                0x0000000000001a12                xEventGroupSetBits
 .text.vEventGroupDelete
                0x0000000000001a7e       0x3a build//home/kj/FreeRTOS_Sagar/FreeRTOS_Master/FreeRTOS/Source/event_groups.o
                0x0000000000001a7e                vEventGroupDelete
 .text.vPortSVCHandler
                0x0000000000001ab8       0x24 build//home/kj/FreeRTOS_Sagar/FreeRTOS_Master/FreeRTOS/Source/portable/GCC/ARM_CM3/port.o
                0x0000000000001ab8                vPortSVCHandler
 .text.prvPortStartFirstTask
                0x0000000000001adc       0x20 build//home/kj/FreeRTOS_Sagar/FreeRTOS_Master/FreeRTOS/Source/portable/GCC/ARM_CM3/port.o
 .text.xPortPendSVHandler
                0x0000000000001afc       0x44 build//home/kj/FreeRTOS_Sagar/FreeRTOS_Master/FreeRTOS/Source/portable/GCC/ARM_CM3/port.o
                0x0000000000001afc                xPortPendSVHandler
 .text.prvTaskExitError
                0x0000000000001b40       0x34 build//home/kj/FreeRTOS_Sagar/FreeRTOS_Master/FreeRTOS/Source/portable/GCC/ARM_CM3/port.o
 .text.pxPortInitialiseStack
                0x0000000000001b74       0x24 build//home/kj/FreeRTOS_Sagar/FreeRTOS_Master/FreeRTOS/Source/portable/GCC/ARM_CM3/port.o
                0x0000000000001b74                pxPortInitialiseStack
 .text.vPortEnterCritical
                0x0000000000001b98       0x34 build//home/kj/FreeRTOS_Sagar/FreeRTOS_Master/FreeRTOS/Source/portable/GCC/ARM_CM3/port.o
                0x0000000000001b98                vPortEnterCritical
 .text.vPortExitCritical
                0x0000000000001bcc       0x20 build//home/kj/FreeRTOS_Sagar/FreeRTOS_Master/FreeRTOS/Source/portable/GCC/ARM_CM3/port.o
                0x0000000000001bcc                vPortExitCritical
 .text.xPortSysTickHandler
                0x0000000000001bec       0x2c build//home/kj/FreeRTOS_Sagar/FreeRTOS_Master/FreeRTOS/Source/portable/GCC/ARM_CM3/port.o
                0x0000000000001bec                xPortSysTickHandler
 .text.vPortSetupTimerInterrupt
                0x0000000000001c18       0x16 build//home/kj/FreeRTOS_Sagar/FreeRTOS_Master/FreeRTOS/Source/portable/GCC/ARM_CM3/port.o
                0x0000000000001c18                vPortSetupTimerInterrupt
 *fill*         0x0000000000001c2e        0x2 
 .text.xPortStartScheduler
                0x0000000000001c30       0xf0 build//home/kj/FreeRTOS_Sagar/FreeRTOS_Master/FreeRTOS/Source/portable/GCC/ARM_CM3/port.o
                0x0000000000001c30                xPortStartScheduler
 .text.vPortValidateInterruptPriority
                0x0000000000001d20       0x44 build//home/kj/FreeRTOS_Sagar/FreeRTOS_Master/FreeRTOS/Source/portable/GCC/ARM_CM3/port.o
                0x0000000000001d20                vPortValidateInterruptPriority
 .text.pvPortMalloc
                0x0000000000001d64       0x1e build//home/kj/FreeRTOS_Sagar/FreeRTOS_Master/FreeRTOS/Source/portable/MemMang/heap_3.o
                0x0000000000001d64                pvPortMalloc
 .text.vPortFree
                0x0000000000001d82       0x1a build//home/kj/FreeRTOS_Sagar/FreeRTOS_Master/FreeRTOS/Source/portable/MemMang/heap_3.o
                0x0000000000001d82                vPortFree
 .text.xIsIPInARPCache
                0x0000000000001d9c       0x28 build//home/kj/FreeRTOS_Sagar/FreeRTOS_Master/FreeRTOS-Plus/Source/FreeRTOS-Plus-TCP/source/FreeRTOS_ARP.o
                0x0000000000001d9c                xIsIPInARPCache
 .text.vARPRefreshCacheEntryAge
                0x0000000000001dc4       0x40 build//home/kj/FreeRTOS_Sagar/FreeRTOS_Master/FreeRTOS-Plus/Source/FreeRTOS-Plus-TCP/source/FreeRTOS_ARP.o
                0x0000000000001dc4                vARPRefreshCacheEntryAge
 .text.vARPRefreshCacheEntry
                0x0000000000001e04       0xe8 build//home/kj/FreeRTOS_Sagar/FreeRTOS_Master/FreeRTOS-Plus/Source/FreeRTOS-Plus-TCP/source/FreeRTOS_ARP.o
                0x0000000000001e04                vARPRefreshCacheEntry
 .text.eARPGetCacheEntry
                0x0000000000001eec      0x100 build//home/kj/FreeRTOS_Sagar/FreeRTOS_Master/FreeRTOS-Plus/Source/FreeRTOS-Plus-TCP/source/FreeRTOS_ARP.o
                0x0000000000001eec                eARPGetCacheEntry
 .text.vARPGenerateRequestPacket
                0x0000000000001fec       0x64 build//home/kj/FreeRTOS_Sagar/FreeRTOS_Master/FreeRTOS-Plus/Source/FreeRTOS-Plus-TCP/source/FreeRTOS_ARP.o
                0x0000000000001fec                vARPGenerateRequestPacket
 .text.FreeRTOS_OutputARPRequest_Multi
                0x0000000000002050       0x60 build//home/kj/FreeRTOS_Sagar/FreeRTOS_Master/FreeRTOS-Plus/Source/FreeRTOS-Plus-TCP/source/FreeRTOS_ARP.o
                0x0000000000002050                FreeRTOS_OutputARPRequest_Multi
 .text.eARPProcessPacket
                0x00000000000020b0      0x1f8 build//home/kj/FreeRTOS_Sagar/FreeRTOS_Master/FreeRTOS-Plus/Source/FreeRTOS-Plus-TCP/source/FreeRTOS_ARP.o
                0x00000000000020b0                eARPProcessPacket
 .text.xCheckRequiresARPResolution
                0x00000000000022a8       0x42 build//home/kj/FreeRTOS_Sagar/FreeRTOS_Master/FreeRTOS-Plus/Source/FreeRTOS-Plus-TCP/source/FreeRTOS_ARP.o
                0x00000000000022a8                xCheckRequiresARPResolution
 .text.FreeRTOS_OutputARPRequest
                0x00000000000022ea       0x16 build//home/kj/FreeRTOS_Sagar/FreeRTOS_Master/FreeRTOS-Plus/Source/FreeRTOS-Plus-TCP/source/FreeRTOS_ARP.o
                0x00000000000022ea                FreeRTOS_OutputARPRequest
 .text.vARPAgeCache
                0x0000000000002300       0x74 build//home/kj/FreeRTOS_Sagar/FreeRTOS_Master/FreeRTOS-Plus/Source/FreeRTOS-Plus-TCP/source/FreeRTOS_ARP.o
                0x0000000000002300                vARPAgeCache
 .text.FreeRTOS_ClearARP
                0x0000000000002374       0x38 build//home/kj/FreeRTOS_Sagar/FreeRTOS_Master/FreeRTOS-Plus/Source/FreeRTOS-Plus-TCP/source/FreeRTOS_ARP.o
                0x0000000000002374                FreeRTOS_ClearARP
 .text.pxNew_AddrInfo
                0x00000000000023ac       0x52 build//home/kj/FreeRTOS_Sagar/FreeRTOS_Master/FreeRTOS-Plus/Source/FreeRTOS-Plus-TCP/source/FreeRTOS_DNS.o
                0x00000000000023ac                pxNew_AddrInfo
 .text.FreeRTOS_freeaddrinfo
                0x00000000000023fe       0x12 build//home/kj/FreeRTOS_Sagar/FreeRTOS_Master/FreeRTOS-Plus/Source/FreeRTOS-Plus-TCP/source/FreeRTOS_DNS.o
                0x00000000000023fe                FreeRTOS_freeaddrinfo
 .text.ulDNSHandlePacket
                0x0000000000002410       0x3e build//home/kj/FreeRTOS_Sagar/FreeRTOS_Master/FreeRTOS-Plus/Source/FreeRTOS-Plus-TCP/source/FreeRTOS_DNS.o
                0x0000000000002410                ulDNSHandlePacket
 .text.ulNBNSHandlePacket
                0x000000000000244e       0x18 build//home/kj/FreeRTOS_Sagar/FreeRTOS_Master/FreeRTOS-Plus/Source/FreeRTOS-Plus-TCP/source/FreeRTOS_DNS.o
                0x000000000000244e                ulNBNSHandlePacket
 *fill*         0x0000000000002466        0x2 
 .text.FreeRTOS_dnsclear
                0x0000000000002468       0x1c build//home/kj/FreeRTOS_Sagar/FreeRTOS_Master/FreeRTOS-Plus/Source/FreeRTOS-Plus-TCP/source/FreeRTOS_DNS_Cache.o
                0x0000000000002468                FreeRTOS_dnsclear
 .text.FreeRTOS_ProcessDNSCache
                0x0000000000002484      0x164 build//home/kj/FreeRTOS_Sagar/FreeRTOS_Master/FreeRTOS-Plus/Source/FreeRTOS-Plus-TCP/source/FreeRTOS_DNS_Cache.o
                0x0000000000002484                FreeRTOS_ProcessDNSCache
 .text.FreeRTOS_dns_update
                0x00000000000025e8       0x14 build//home/kj/FreeRTOS_Sagar/FreeRTOS_Master/FreeRTOS-Plus/Source/FreeRTOS-Plus-TCP/source/FreeRTOS_DNS_Cache.o
                0x00000000000025e8                FreeRTOS_dns_update
 .text.DNS_ReadNameField
                0x00000000000025fc       0x7a build//home/kj/FreeRTOS_Sagar/FreeRTOS_Master/FreeRTOS-Plus/Source/FreeRTOS-Plus-TCP/source/FreeRTOS_DNS_Parser.o
                0x00000000000025fc                DNS_ReadNameField
 .text.DNS_SkipNameField
                0x0000000000002676       0x42 build//home/kj/FreeRTOS_Sagar/FreeRTOS_Master/FreeRTOS-Plus/Source/FreeRTOS-Plus-TCP/source/FreeRTOS_DNS_Parser.o
                0x0000000000002676                DNS_SkipNameField
 .text.parseDNSAnswer
                0x00000000000026b8      0x200 build//home/kj/FreeRTOS_Sagar/FreeRTOS_Master/FreeRTOS-Plus/Source/FreeRTOS-Plus-TCP/source/FreeRTOS_DNS_Parser.o
                0x00000000000026b8                parseDNSAnswer
 .text.prepareReplyDNSMessage
                0x00000000000028b8       0xa8 build//home/kj/FreeRTOS_Sagar/FreeRTOS_Master/FreeRTOS-Plus/Source/FreeRTOS-Plus-TCP/source/FreeRTOS_DNS_Parser.o
                0x00000000000028b8                prepareReplyDNSMessage
 .text.DNS_ParseDNSReply
                0x0000000000002960      0x254 build//home/kj/FreeRTOS_Sagar/FreeRTOS_Master/FreeRTOS-Plus/Source/FreeRTOS-Plus-TCP/source/FreeRTOS_DNS_Parser.o
                0x0000000000002960                DNS_ParseDNSReply
 .text.DNS_TreatNBNS
                0x0000000000002bb4      0x174 build//home/kj/FreeRTOS_Sagar/FreeRTOS_Master/FreeRTOS-Plus/Source/FreeRTOS-Plus-TCP/source/FreeRTOS_DNS_Parser.o
                0x0000000000002bb4                DNS_TreatNBNS
 .text.ProcessICMPPacket
                0x0000000000002d28       0x6a build//home/kj/FreeRTOS_Sagar/FreeRTOS_Master/FreeRTOS-Plus/Source/FreeRTOS-Plus-TCP/source/FreeRTOS_ICMP.o
                0x0000000000002d28                ProcessICMPPacket
 *fill*         0x0000000000002d92        0x2 
 .text.FreeRTOS_GetIPTaskHandle
                0x0000000000002d94        0xc build//home/kj/FreeRTOS_Sagar/FreeRTOS_Master/FreeRTOS-Plus/Source/FreeRTOS-Plus-TCP/source/FreeRTOS_IP.o
                0x0000000000002d94                FreeRTOS_GetIPTaskHandle
 .text.vIPNetworkUpCalls
                0x0000000000002da0       0x2e build//home/kj/FreeRTOS_Sagar/FreeRTOS_Master/FreeRTOS-Plus/Source/FreeRTOS-Plus-TCP/source/FreeRTOS_IP.o
                0x0000000000002da0                vIPNetworkUpCalls
 *fill*         0x0000000000002dce        0x2 
 .text.FreeRTOS_IPInit_Multi
                0x0000000000002dd0       0x70 build//home/kj/FreeRTOS_Sagar/FreeRTOS_Master/FreeRTOS-Plus/Source/FreeRTOS-Plus-TCP/source/FreeRTOS_IP.o
                0x0000000000002dd0                FreeRTOS_IPInit_Multi
 .text.FreeRTOS_GetEndPointConfiguration
                0x0000000000002e40       0x28 build//home/kj/FreeRTOS_Sagar/FreeRTOS_Master/FreeRTOS-Plus/Source/FreeRTOS-Plus-TCP/source/FreeRTOS_IP.o
                0x0000000000002e40                FreeRTOS_GetEndPointConfiguration
 .text.xSendEventStructToIPTask
                0x0000000000002e68       0x54 build//home/kj/FreeRTOS_Sagar/FreeRTOS_Master/FreeRTOS-Plus/Source/FreeRTOS-Plus-TCP/source/FreeRTOS_IP.o
                0x0000000000002e68                xSendEventStructToIPTask
 .text.FreeRTOS_NetworkDown
                0x0000000000002ebc       0x40 build//home/kj/FreeRTOS_Sagar/FreeRTOS_Master/FreeRTOS-Plus/Source/FreeRTOS-Plus-TCP/source/FreeRTOS_IP.o
                0x0000000000002ebc                FreeRTOS_NetworkDown
 .text.xSendEventToIPTask
                0x0000000000002efc       0x16 build//home/kj/FreeRTOS_Sagar/FreeRTOS_Master/FreeRTOS-Plus/Source/FreeRTOS-Plus-TCP/source/FreeRTOS_IP.o
                0x0000000000002efc                xSendEventToIPTask
 *fill*         0x0000000000002f12        0x2 
 .text.vReturnEthernetFrame
                0x0000000000002f14       0xd8 build//home/kj/FreeRTOS_Sagar/FreeRTOS_Master/FreeRTOS-Plus/Source/FreeRTOS-Plus-TCP/source/FreeRTOS_IP.o
                0x0000000000002f14                vReturnEthernetFrame
 .text.xIPIsNetworkTaskReady
                0x0000000000002fec        0xc build//home/kj/FreeRTOS_Sagar/FreeRTOS_Master/FreeRTOS-Plus/Source/FreeRTOS-Plus-TCP/source/FreeRTOS_IP.o
                0x0000000000002fec                xIPIsNetworkTaskReady
 .text.uxIPHeaderSizePacket
                0x0000000000002ff8       0x12 build//home/kj/FreeRTOS_Sagar/FreeRTOS_Master/FreeRTOS-Plus/Source/FreeRTOS-Plus-TCP/source/FreeRTOS_IP.o
                0x0000000000002ff8                uxIPHeaderSizePacket
 *fill*         0x000000000000300a        0x2 
 .text.prvIPTask
                0x000000000000300c      0x348 build//home/kj/FreeRTOS_Sagar/FreeRTOS_Master/FreeRTOS-Plus/Source/FreeRTOS-Plus-TCP/source/FreeRTOS_IP.o
 .text.uxIPHeaderSizeSocket
                0x0000000000003354       0x14 build//home/kj/FreeRTOS_Sagar/FreeRTOS_Master/FreeRTOS-Plus/Source/FreeRTOS-Plus-TCP/source/FreeRTOS_IP.o
                0x0000000000003354                uxIPHeaderSizeSocket
 .text.prvIPTimerStart
                0x0000000000003368       0x26 build//home/kj/FreeRTOS_Sagar/FreeRTOS_Master/FreeRTOS-Plus/Source/FreeRTOS-Plus-TCP/source/FreeRTOS_IP_Timers.o
 .text.prvIPTimerCheck
                0x000000000000338e       0x3a build//home/kj/FreeRTOS_Sagar/FreeRTOS_Master/FreeRTOS-Plus/Source/FreeRTOS-Plus-TCP/source/FreeRTOS_IP_Timers.o
 .text.xCalculateSleepTime
                0x00000000000033c8       0x58 build//home/kj/FreeRTOS_Sagar/FreeRTOS_Master/FreeRTOS-Plus/Source/FreeRTOS-Plus-TCP/source/FreeRTOS_IP_Timers.o
                0x00000000000033c8                xCalculateSleepTime
 .text.vCheckNetworkTimers
                0x0000000000003420       0xc8 build//home/kj/FreeRTOS_Sagar/FreeRTOS_Master/FreeRTOS-Plus/Source/FreeRTOS-Plus-TCP/source/FreeRTOS_IP_Timers.o
                0x0000000000003420                vCheckNetworkTimers
 .text.vIPTimerStartARPResolution
                0x00000000000034e8        0xc build//home/kj/FreeRTOS_Sagar/FreeRTOS_Master/FreeRTOS-Plus/Source/FreeRTOS-Plus-TCP/source/FreeRTOS_IP_Timers.o
                0x00000000000034e8                vIPTimerStartARPResolution
 .text.vTCPTimerReload
                0x00000000000034f4       0x10 build//home/kj/FreeRTOS_Sagar/FreeRTOS_Master/FreeRTOS-Plus/Source/FreeRTOS-Plus-TCP/source/FreeRTOS_IP_Timers.o
                0x00000000000034f4                vTCPTimerReload
 .text.vARPTimerReload
                0x0000000000003504       0x10 build//home/kj/FreeRTOS_Sagar/FreeRTOS_Master/FreeRTOS-Plus/Source/FreeRTOS-Plus-TCP/source/FreeRTOS_IP_Timers.o
                0x0000000000003504                vARPTimerReload
 .text.vNetworkTimerReload
                0x0000000000003514       0x10 build//home/kj/FreeRTOS_Sagar/FreeRTOS_Master/FreeRTOS-Plus/Source/FreeRTOS-Plus-TCP/source/FreeRTOS_IP_Timers.o
                0x0000000000003514                vNetworkTimerReload
 .text.vIPSetTCPTimerExpiredState
                0x0000000000003524       0x20 build//home/kj/FreeRTOS_Sagar/FreeRTOS_Master/FreeRTOS-Plus/Source/FreeRTOS-Plus-TCP/source/FreeRTOS_IP_Timers.o
                0x0000000000003524                vIPSetTCPTimerExpiredState
 .text.vIPSetARPTimerEnableState
                0x0000000000003544       0x18 build//home/kj/FreeRTOS_Sagar/FreeRTOS_Master/FreeRTOS-Plus/Source/FreeRTOS-Plus-TCP/source/FreeRTOS_IP_Timers.o
                0x0000000000003544                vIPSetARPTimerEnableState
 .text.vIPSetARPResolutionTimerEnableState
                0x000000000000355c       0x18 build//home/kj/FreeRTOS_Sagar/FreeRTOS_Master/FreeRTOS-Plus/Source/FreeRTOS-Plus-TCP/source/FreeRTOS_IP_Timers.o
                0x000000000000355c                vIPSetARPResolutionTimerEnableState
 .text.vSetAllNetworksUp
                0x0000000000003574        0xc build//home/kj/FreeRTOS_Sagar/FreeRTOS_Master/FreeRTOS-Plus/Source/FreeRTOS-Plus-TCP/source/FreeRTOS_IP_Timers.o
                0x0000000000003574                vSetAllNetworksUp
 .text.prvSetChecksumInPacket
                0x0000000000003580       0x2c build//home/kj/FreeRTOS_Sagar/FreeRTOS_Master/FreeRTOS-Plus/Source/FreeRTOS-Plus-TCP/source/FreeRTOS_IP_Utils.o
 .text.pxDuplicateNetworkBufferWithDescriptor
                0x00000000000035ac       0x44 build//home/kj/FreeRTOS_Sagar/FreeRTOS_Master/FreeRTOS-Plus/Source/FreeRTOS-Plus-TCP/source/FreeRTOS_IP_Utils.o
                0x00000000000035ac                pxDuplicateNetworkBufferWithDescriptor
 .text.pxUDPPayloadBuffer_to_NetworkBuffer
                0x00000000000035f0       0x24 build//home/kj/FreeRTOS_Sagar/FreeRTOS_Master/FreeRTOS-Plus/Source/FreeRTOS-Plus-TCP/source/FreeRTOS_IP_Utils.o
                0x00000000000035f0                pxUDPPayloadBuffer_to_NetworkBuffer
 .text.xIsCallingFromIPTask
                0x0000000000003614       0x14 build//home/kj/FreeRTOS_Sagar/FreeRTOS_Master/FreeRTOS-Plus/Source/FreeRTOS-Plus-TCP/source/FreeRTOS_IP_Utils.o
                0x0000000000003614                xIsCallingFromIPTask
 .text.prvProcessNetworkDownEvent
                0x0000000000003628       0xac build//home/kj/FreeRTOS_Sagar/FreeRTOS_Master/FreeRTOS-Plus/Source/FreeRTOS-Plus-TCP/source/FreeRTOS_IP_Utils.o
                0x0000000000003628                prvProcessNetworkDownEvent
 .text.vPreCheckConfigs
                0x00000000000036d4       0x2c build//home/kj/FreeRTOS_Sagar/FreeRTOS_Master/FreeRTOS-Plus/Source/FreeRTOS-Plus-TCP/source/FreeRTOS_IP_Utils.o
                0x00000000000036d4                vPreCheckConfigs
 .text.usGenerateChecksum
                0x0000000000003700       0xea build//home/kj/FreeRTOS_Sagar/FreeRTOS_Master/FreeRTOS-Plus/Source/FreeRTOS-Plus-TCP/source/FreeRTOS_IP_Utils.o
                0x0000000000003700                usGenerateChecksum
 *fill*         0x00000000000037ea        0x2 
 .text.usGenerateProtocolChecksum
                0x00000000000037ec      0x1d8 build//home/kj/FreeRTOS_Sagar/FreeRTOS_Master/FreeRTOS-Plus/Source/FreeRTOS-Plus-TCP/source/FreeRTOS_IP_Utils.o
                0x00000000000037ec                usGenerateProtocolChecksum
 .text.FreeRTOS_max_size_t
                0x00000000000039c4        0x8 build//home/kj/FreeRTOS_Sagar/FreeRTOS_Master/FreeRTOS-Plus/Source/FreeRTOS-Plus-TCP/source/FreeRTOS_IP_Utils.o
                0x00000000000039c4                FreeRTOS_max_size_t
 .text.FreeRTOS_min_int32
                0x00000000000039cc        0x8 build//home/kj/FreeRTOS_Sagar/FreeRTOS_Master/FreeRTOS-Plus/Source/FreeRTOS-Plus-TCP/source/FreeRTOS_IP_Utils.o
                0x00000000000039cc                FreeRTOS_min_int32
 .text.FreeRTOS_min_uint32
                0x00000000000039d4        0x8 build//home/kj/FreeRTOS_Sagar/FreeRTOS_Master/FreeRTOS-Plus/Source/FreeRTOS-Plus-TCP/source/FreeRTOS_IP_Utils.o
                0x00000000000039d4                FreeRTOS_min_uint32
 .text.FreeRTOS_min_size_t
                0x00000000000039dc        0x8 build//home/kj/FreeRTOS_Sagar/FreeRTOS_Master/FreeRTOS-Plus/Source/FreeRTOS-Plus-TCP/source/FreeRTOS_IP_Utils.o
                0x00000000000039dc                FreeRTOS_min_size_t
 .text.FreeRTOS_add_int32
                0x00000000000039e4       0x24 build//home/kj/FreeRTOS_Sagar/FreeRTOS_Master/FreeRTOS-Plus/Source/FreeRTOS-Plus-TCP/source/FreeRTOS_IP_Utils.o
                0x00000000000039e4                FreeRTOS_add_int32
 .text.FreeRTOS_multiply_int32
                0x0000000000003a08       0x4c build//home/kj/FreeRTOS_Sagar/FreeRTOS_Master/FreeRTOS-Plus/Source/FreeRTOS-Plus-TCP/source/FreeRTOS_IP_Utils.o
                0x0000000000003a08                FreeRTOS_multiply_int32
 .text.FreeRTOS_round_up
                0x0000000000003a54       0x1a build//home/kj/FreeRTOS_Sagar/FreeRTOS_Master/FreeRTOS-Plus/Source/FreeRTOS-Plus-TCP/source/FreeRTOS_IP_Utils.o
                0x0000000000003a54                FreeRTOS_round_up
 .text.ulChar2u32
                0x0000000000003a6e        0x6 build//home/kj/FreeRTOS_Sagar/FreeRTOS_Master/FreeRTOS-Plus/Source/FreeRTOS-Plus-TCP/source/FreeRTOS_IP_Utils.o
                0x0000000000003a6e                ulChar2u32
 .text.usChar2u16
                0x0000000000003a74        0x8 build//home/kj/FreeRTOS_Sagar/FreeRTOS_Master/FreeRTOS-Plus/Source/FreeRTOS-Plus-TCP/source/FreeRTOS_IP_Utils.o
                0x0000000000003a74                usChar2u16
 .text.xIsIPv4Multicast
                0x0000000000003a7c       0x12 build//home/kj/FreeRTOS_Sagar/FreeRTOS_Master/FreeRTOS-Plus/Source/FreeRTOS-Plus-TCP/source/FreeRTOS_IPv4.o
                0x0000000000003a7c                xIsIPv4Multicast
 .text.xIsIPv4Loopback
                0x0000000000003a8e       0x12 build//home/kj/FreeRTOS_Sagar/FreeRTOS_Master/FreeRTOS-Plus/Source/FreeRTOS-Plus-TCP/source/FreeRTOS_IPv4.o
                0x0000000000003a8e                xIsIPv4Loopback
 .text.xBadIPv4Loopback
                0x0000000000003aa0       0x24 build//home/kj/FreeRTOS_Sagar/FreeRTOS_Master/FreeRTOS-Plus/Source/FreeRTOS-Plus-TCP/source/FreeRTOS_IPv4.o
                0x0000000000003aa0                xBadIPv4Loopback
 .text.prvAllowIPPacketIPv4
                0x0000000000003ac4      0x180 build//home/kj/FreeRTOS_Sagar/FreeRTOS_Master/FreeRTOS-Plus/Source/FreeRTOS-Plus-TCP/source/FreeRTOS_IPv4.o
                0x0000000000003ac4                prvAllowIPPacketIPv4
 .text.prvCheckIP4HeaderOptions
                0x0000000000003c44       0x48 build//home/kj/FreeRTOS_Sagar/FreeRTOS_Master/FreeRTOS-Plus/Source/FreeRTOS-Plus-TCP/source/FreeRTOS_IPv4.o
                0x0000000000003c44                prvCheckIP4HeaderOptions
 .text.FreeRTOS_inet_ntop4
                0x0000000000003c8c       0x16 build//home/kj/FreeRTOS_Sagar/FreeRTOS_Master/FreeRTOS-Plus/Source/FreeRTOS-Plus-TCP/source/FreeRTOS_IPv4_Sockets.o
                0x0000000000003c8c                FreeRTOS_inet_ntop4
 .text.vSetMultiCastIPv4MacAddress
                0x0000000000003ca2       0x1c build//home/kj/FreeRTOS_Sagar/FreeRTOS_Master/FreeRTOS-Plus/Source/FreeRTOS-Plus-TCP/source/FreeRTOS_IPv4_Utils.o
                0x0000000000003ca2                vSetMultiCastIPv4MacAddress
 .text.prvChecksumIPv4Checks
                0x0000000000003cbe       0x6a build//home/kj/FreeRTOS_Sagar/FreeRTOS_Master/FreeRTOS-Plus/Source/FreeRTOS-Plus-TCP/source/FreeRTOS_IPv4_Utils.o
                0x0000000000003cbe                prvChecksumIPv4Checks
 .text.FreeRTOS_FillEndPoint
                0x0000000000003d28       0xec build//home/kj/FreeRTOS_Sagar/FreeRTOS_Master/FreeRTOS-Plus/Source/FreeRTOS-Plus-TCP/source/FreeRTOS_Routing.o
                0x0000000000003d28                FreeRTOS_FillEndPoint
 .text.FreeRTOS_AddNetworkInterface
                0x0000000000003e14       0x24 build//home/kj/FreeRTOS_Sagar/FreeRTOS_Master/FreeRTOS-Plus/Source/FreeRTOS-Plus-TCP/source/FreeRTOS_Routing.o
                0x0000000000003e14                FreeRTOS_AddNetworkInterface
 .text.FreeRTOS_FirstNetworkInterface
                0x0000000000003e38        0xc build//home/kj/FreeRTOS_Sagar/FreeRTOS_Master/FreeRTOS-Plus/Source/FreeRTOS-Plus-TCP/source/FreeRTOS_Routing.o
                0x0000000000003e38                FreeRTOS_FirstNetworkInterface
 .text.FreeRTOS_NextNetworkInterface
                0x0000000000003e44        0x6 build//home/kj/FreeRTOS_Sagar/FreeRTOS_Master/FreeRTOS-Plus/Source/FreeRTOS-Plus-TCP/source/FreeRTOS_Routing.o
                0x0000000000003e44                FreeRTOS_NextNetworkInterface
 *fill*         0x0000000000003e4a        0x2 
 .text.FreeRTOS_FirstEndPoint
                0x0000000000003e4c       0x1c build//home/kj/FreeRTOS_Sagar/FreeRTOS_Master/FreeRTOS-Plus/Source/FreeRTOS-Plus-TCP/source/FreeRTOS_Routing.o
                0x0000000000003e4c                FreeRTOS_FirstEndPoint
 .text.FreeRTOS_NextEndPoint
                0x0000000000003e68       0x1c build//home/kj/FreeRTOS_Sagar/FreeRTOS_Master/FreeRTOS-Plus/Source/FreeRTOS-Plus-TCP/source/FreeRTOS_Routing.o
                0x0000000000003e68                FreeRTOS_NextEndPoint
 .text.FreeRTOS_FindEndPointOnIP_IPv4
                0x0000000000003e84       0x1c build//home/kj/FreeRTOS_Sagar/FreeRTOS_Master/FreeRTOS-Plus/Source/FreeRTOS-Plus-TCP/source/FreeRTOS_Routing.o
                0x0000000000003e84                FreeRTOS_FindEndPointOnIP_IPv4
 .text.FreeRTOS_InterfaceEndPointOnNetMask
                0x0000000000003ea0       0x2c build//home/kj/FreeRTOS_Sagar/FreeRTOS_Master/FreeRTOS-Plus/Source/FreeRTOS-Plus-TCP/source/FreeRTOS_Routing.o
                0x0000000000003ea0                FreeRTOS_InterfaceEndPointOnNetMask
 .text.FreeRTOS_FindEndPointOnNetMask
                0x0000000000003ecc        0x8 build//home/kj/FreeRTOS_Sagar/FreeRTOS_Master/FreeRTOS-Plus/Source/FreeRTOS-Plus-TCP/source/FreeRTOS_Routing.o
                0x0000000000003ecc                FreeRTOS_FindEndPointOnNetMask
 .text.pxEasyFit
                0x0000000000003ed4       0x9e build//home/kj/FreeRTOS_Sagar/FreeRTOS_Master/FreeRTOS-Plus/Source/FreeRTOS-Plus-TCP/source/FreeRTOS_Routing.o
                0x0000000000003ed4                pxEasyFit
 .text.FreeRTOS_MatchingEndpoint
                0x0000000000003f72       0x8e build//home/kj/FreeRTOS_Sagar/FreeRTOS_Master/FreeRTOS-Plus/Source/FreeRTOS-Plus-TCP/source/FreeRTOS_Routing.o
                0x0000000000003f72                FreeRTOS_MatchingEndpoint
 .text.FreeRTOS_FindGateWay
                0x0000000000004000       0x18 build//home/kj/FreeRTOS_Sagar/FreeRTOS_Master/FreeRTOS-Plus/Source/FreeRTOS-Plus-TCP/source/FreeRTOS_Routing.o
                0x0000000000004000                FreeRTOS_FindGateWay
 .text.xCheckRequiresResolution
                0x0000000000004018       0x1a build//home/kj/FreeRTOS_Sagar/FreeRTOS_Master/FreeRTOS-Plus/Source/FreeRTOS-Plus-TCP/source/FreeRTOS_Routing.o
                0x0000000000004018                xCheckRequiresResolution
 *fill*         0x0000000000004032        0x2 
 .text.prvTCPCreateStream
                0x0000000000004034       0xa0 build//home/kj/FreeRTOS_Sagar/FreeRTOS_Master/FreeRTOS-Plus/Source/FreeRTOS-Plus-TCP/source/FreeRTOS_Sockets.o
 .text.pxListFindListItemWithValue
                0x00000000000040d4       0x24 build//home/kj/FreeRTOS_Sagar/FreeRTOS_Master/FreeRTOS-Plus/Source/FreeRTOS-Plus-TCP/source/FreeRTOS_Sockets.o
 .text.prvValidSocket
                0x00000000000040f8       0x20 build//home/kj/FreeRTOS_Sagar/FreeRTOS_Master/FreeRTOS-Plus/Source/FreeRTOS-Plus-TCP/source/FreeRTOS_Sockets.o
 .text.prvTCPSendCheck
                0x0000000000004118       0x5e build//home/kj/FreeRTOS_Sagar/FreeRTOS_Master/FreeRTOS-Plus/Source/FreeRTOS-Plus-TCP/source/FreeRTOS_Sockets.o
 *fill*         0x0000000000004176        0x2 
 .text.vNetworkSocketsInit
                0x0000000000004178       0x1c build//home/kj/FreeRTOS_Sagar/FreeRTOS_Master/FreeRTOS-Plus/Source/FreeRTOS-Plus-TCP/source/FreeRTOS_Sockets.o
                0x0000000000004178                vNetworkSocketsInit
 .text.FreeRTOS_socket
                0x0000000000004194      0x130 build//home/kj/FreeRTOS_Sagar/FreeRTOS_Master/FreeRTOS-Plus/Source/FreeRTOS-Plus-TCP/source/FreeRTOS_Sockets.o
                0x0000000000004194                FreeRTOS_socket
 .text.FreeRTOS_bind
                0x00000000000042c4       0x8c build//home/kj/FreeRTOS_Sagar/FreeRTOS_Master/FreeRTOS-Plus/Source/FreeRTOS-Plus-TCP/source/FreeRTOS_Sockets.o
                0x00000000000042c4                FreeRTOS_bind
 .text.vSocketBind
                0x0000000000004350       0xf0 build//home/kj/FreeRTOS_Sagar/FreeRTOS_Master/FreeRTOS-Plus/Source/FreeRTOS-Plus-TCP/source/FreeRTOS_Sockets.o
                0x0000000000004350                vSocketBind
 .text.FreeRTOS_closesocket
                0x0000000000004440       0x2e build//home/kj/FreeRTOS_Sagar/FreeRTOS_Master/FreeRTOS-Plus/Source/FreeRTOS-Plus-TCP/source/FreeRTOS_Sockets.o
                0x0000000000004440                FreeRTOS_closesocket
 *fill*         0x000000000000446e        0x2 
 .text.vSocketClose
                0x0000000000004470       0xd8 build//home/kj/FreeRTOS_Sagar/FreeRTOS_Master/FreeRTOS-Plus/Source/FreeRTOS-Plus-TCP/source/FreeRTOS_Sockets.o
                0x0000000000004470                vSocketClose
 .text.pxUDPSocketLookup
                0x0000000000004548       0x20 build//home/kj/FreeRTOS_Sagar/FreeRTOS_Master/FreeRTOS-Plus/Source/FreeRTOS-Plus-TCP/source/FreeRTOS_Sockets.o
                0x0000000000004548                pxUDPSocketLookup
 .text.FreeRTOS_inet_ntoa
                0x0000000000004568       0x8a build//home/kj/FreeRTOS_Sagar/FreeRTOS_Master/FreeRTOS-Plus/Source/FreeRTOS-Plus-TCP/source/FreeRTOS_Sockets.o
                0x0000000000004568                FreeRTOS_inet_ntoa
 .text.FreeRTOS_inet_ntop
                0x00000000000045f2       0x1a build//home/kj/FreeRTOS_Sagar/FreeRTOS_Master/FreeRTOS-Plus/Source/FreeRTOS-Plus-TCP/source/FreeRTOS_Sockets.o
                0x00000000000045f2                FreeRTOS_inet_ntop
 .text.FreeRTOS_GetLocalAddress
                0x000000000000460c       0x1c build//home/kj/FreeRTOS_Sagar/FreeRTOS_Master/FreeRTOS-Plus/Source/FreeRTOS-Plus-TCP/source/FreeRTOS_Sockets.o
                0x000000000000460c                FreeRTOS_GetLocalAddress
 .text.vSocketWakeUpUser
                0x0000000000004628       0x38 build//home/kj/FreeRTOS_Sagar/FreeRTOS_Master/FreeRTOS-Plus/Source/FreeRTOS-Plus-TCP/source/FreeRTOS_Sockets.o
                0x0000000000004628                vSocketWakeUpUser
 .text.FreeRTOS_accept
                0x0000000000004660      0x120 build//home/kj/FreeRTOS_Sagar/FreeRTOS_Master/FreeRTOS-Plus/Source/FreeRTOS-Plus-TCP/source/FreeRTOS_Sockets.o
                0x0000000000004660                FreeRTOS_accept
 .text.FreeRTOS_recv
                0x0000000000004780      0x112 build//home/kj/FreeRTOS_Sagar/FreeRTOS_Master/FreeRTOS-Plus/Source/FreeRTOS-Plus-TCP/source/FreeRTOS_Sockets.o
                0x0000000000004780                FreeRTOS_recv
 .text.FreeRTOS_send
                0x0000000000004892      0x108 build//home/kj/FreeRTOS_Sagar/FreeRTOS_Master/FreeRTOS-Plus/Source/FreeRTOS-Plus-TCP/source/FreeRTOS_Sockets.o
                0x0000000000004892                FreeRTOS_send
 .text.FreeRTOS_listen
                0x000000000000499a       0x7e build//home/kj/FreeRTOS_Sagar/FreeRTOS_Master/FreeRTOS-Plus/Source/FreeRTOS-Plus-TCP/source/FreeRTOS_Sockets.o
                0x000000000000499a                FreeRTOS_listen
 .text.xTCPTimerCheck
                0x0000000000004a18       0x88 build//home/kj/FreeRTOS_Sagar/FreeRTOS_Master/FreeRTOS-Plus/Source/FreeRTOS-Plus-TCP/source/FreeRTOS_Sockets.o
                0x0000000000004a18                xTCPTimerCheck
 .text.pxTCPSocketLookup
                0x0000000000004aa0       0x54 build//home/kj/FreeRTOS_Sagar/FreeRTOS_Master/FreeRTOS-Plus/Source/FreeRTOS-Plus-TCP/source/FreeRTOS_Sockets.o
                0x0000000000004aa0                pxTCPSocketLookup
 .text.lTCPAddRxdata
                0x0000000000004af4       0x80 build//home/kj/FreeRTOS_Sagar/FreeRTOS_Master/FreeRTOS-Plus/Source/FreeRTOS-Plus-TCP/source/FreeRTOS_Sockets.o
                0x0000000000004af4                lTCPAddRxdata
 .text.FreeRTOS_tx_space
                0x0000000000004b74       0x20 build//home/kj/FreeRTOS_Sagar/FreeRTOS_Master/FreeRTOS-Plus/Source/FreeRTOS-Plus-TCP/source/FreeRTOS_Sockets.o
                0x0000000000004b74                FreeRTOS_tx_space
 .text.FreeRTOS_tx_size
                0x0000000000004b94       0x18 build//home/kj/FreeRTOS_Sagar/FreeRTOS_Master/FreeRTOS-Plus/Source/FreeRTOS-Plus-TCP/source/FreeRTOS_Sockets.o
                0x0000000000004b94                FreeRTOS_tx_size
 .text.FreeRTOS_issocketconnected
                0x0000000000004bac       0x1e build//home/kj/FreeRTOS_Sagar/FreeRTOS_Master/FreeRTOS-Plus/Source/FreeRTOS-Plus-TCP/source/FreeRTOS_Sockets.o
                0x0000000000004bac                FreeRTOS_issocketconnected
 *fill*         0x0000000000004bca        0x2 
 .text.prvSockopt_so_buffer
                0x0000000000004bcc       0xc4 build//home/kj/FreeRTOS_Sagar/FreeRTOS_Master/FreeRTOS-Plus/Source/FreeRTOS-Plus-TCP/source/FreeRTOS_Sockets.o
 .text.FreeRTOS_setsockopt
                0x0000000000004c90      0x192 build//home/kj/FreeRTOS_Sagar/FreeRTOS_Master/FreeRTOS-Plus/Source/FreeRTOS-Plus-TCP/source/FreeRTOS_Sockets.o
                0x0000000000004c90                FreeRTOS_setsockopt
 .text.FreeRTOS_rx_size
                0x0000000000004e22       0x18 build//home/kj/FreeRTOS_Sagar/FreeRTOS_Master/FreeRTOS-Plus/Source/FreeRTOS-Plus-TCP/source/FreeRTOS_Sockets.o
                0x0000000000004e22                FreeRTOS_rx_size
 *fill*         0x0000000000004e3a        0x2 
 .text.vTCPNetStat
                0x0000000000004e3c      0x1b8 build//home/kj/FreeRTOS_Sagar/FreeRTOS_Master/FreeRTOS-Plus/Source/FreeRTOS-Plus-TCP/source/FreeRTOS_Sockets.o
                0x0000000000004e3c                vTCPNetStat
 .text.vSocketSelect
                0x0000000000004ff4      0x110 build//home/kj/FreeRTOS_Sagar/FreeRTOS_Master/FreeRTOS-Plus/Source/FreeRTOS-Plus-TCP/source/FreeRTOS_Sockets.o
                0x0000000000004ff4                vSocketSelect
 .text.uxStreamBufferSpace
                0x0000000000005104       0x10 build//home/kj/FreeRTOS_Sagar/FreeRTOS_Master/FreeRTOS-Plus/Source/FreeRTOS-Plus-TCP/source/FreeRTOS_Stream_Buffer.o
                0x0000000000005104                uxStreamBufferSpace
 .text.uxStreamBufferDistance
                0x0000000000005114        0xe build//home/kj/FreeRTOS_Sagar/FreeRTOS_Master/FreeRTOS-Plus/Source/FreeRTOS-Plus-TCP/source/FreeRTOS_Stream_Buffer.o
                0x0000000000005114                uxStreamBufferDistance
 .text.uxStreamBufferGetSpace
                0x0000000000005122        0x8 build//home/kj/FreeRTOS_Sagar/FreeRTOS_Master/FreeRTOS-Plus/Source/FreeRTOS-Plus-TCP/source/FreeRTOS_Stream_Buffer.o
                0x0000000000005122                uxStreamBufferGetSpace
 .text.uxStreamBufferFrontSpace
                0x000000000000512a        0x8 build//home/kj/FreeRTOS_Sagar/FreeRTOS_Master/FreeRTOS-Plus/Source/FreeRTOS-Plus-TCP/source/FreeRTOS_Stream_Buffer.o
                0x000000000000512a                uxStreamBufferFrontSpace
 .text.uxStreamBufferGetSize
                0x0000000000005132        0x8 build//home/kj/FreeRTOS_Sagar/FreeRTOS_Master/FreeRTOS-Plus/Source/FreeRTOS-Plus-TCP/source/FreeRTOS_Stream_Buffer.o
                0x0000000000005132                uxStreamBufferGetSize
 .text.uxStreamBufferMidSpace
                0x000000000000513a        0x8 build//home/kj/FreeRTOS_Sagar/FreeRTOS_Master/FreeRTOS-Plus/Source/FreeRTOS-Plus-TCP/source/FreeRTOS_Stream_Buffer.o
                0x000000000000513a                uxStreamBufferMidSpace
 .text.vStreamBufferClear
                0x0000000000005142        0xc build//home/kj/FreeRTOS_Sagar/FreeRTOS_Master/FreeRTOS-Plus/Source/FreeRTOS-Plus-TCP/source/FreeRTOS_Stream_Buffer.o
                0x0000000000005142                vStreamBufferClear
 .text.vStreamBufferMoveMid
                0x000000000000514e       0x20 build//home/kj/FreeRTOS_Sagar/FreeRTOS_Master/FreeRTOS-Plus/Source/FreeRTOS-Plus-TCP/source/FreeRTOS_Stream_Buffer.o
                0x000000000000514e                vStreamBufferMoveMid
 .text.uxStreamBufferGetPtr
                0x000000000000516e       0x20 build//home/kj/FreeRTOS_Sagar/FreeRTOS_Master/FreeRTOS-Plus/Source/FreeRTOS-Plus-TCP/source/FreeRTOS_Stream_Buffer.o
                0x000000000000516e                uxStreamBufferGetPtr
 .text.uxStreamBufferAdd
                0x000000000000518e       0x94 build//home/kj/FreeRTOS_Sagar/FreeRTOS_Master/FreeRTOS-Plus/Source/FreeRTOS-Plus-TCP/source/FreeRTOS_Stream_Buffer.o
                0x000000000000518e                uxStreamBufferAdd
 .text.uxStreamBufferGet
                0x0000000000005222       0x82 build//home/kj/FreeRTOS_Sagar/FreeRTOS_Master/FreeRTOS-Plus/Source/FreeRTOS-Plus-TCP/source/FreeRTOS_Stream_Buffer.o
                0x0000000000005222                uxStreamBufferGet
 .text.vSocketCloseNextTime
                0x00000000000052a4       0x1c build//home/kj/FreeRTOS_Sagar/FreeRTOS_Master/FreeRTOS-Plus/Source/FreeRTOS-Plus-TCP/source/FreeRTOS_TCP_IP.o
                0x00000000000052a4                vSocketCloseNextTime
 .text.vSocketListenNextTime
                0x00000000000052c0       0x20 build//home/kj/FreeRTOS_Sagar/FreeRTOS_Master/FreeRTOS-Plus/Source/FreeRTOS-Plus-TCP/source/FreeRTOS_TCP_IP.o
                0x00000000000052c0                vSocketListenNextTime
 .text.prvTCPTouchSocket
                0x00000000000052e0       0x28 build//home/kj/FreeRTOS_Sagar/FreeRTOS_Master/FreeRTOS-Plus/Source/FreeRTOS-Plus-TCP/source/FreeRTOS_TCP_IP.o
                0x00000000000052e0                prvTCPTouchSocket
 .text.vTCPStateChange
                0x0000000000005308      0x234 build//home/kj/FreeRTOS_Sagar/FreeRTOS_Master/FreeRTOS-Plus/Source/FreeRTOS-Plus-TCP/source/FreeRTOS_TCP_IP.o
                0x0000000000005308                vTCPStateChange
 .text.prvTCPNextTimeout
                0x000000000000553c       0x8a build//home/kj/FreeRTOS_Sagar/FreeRTOS_Master/FreeRTOS-Plus/Source/FreeRTOS-Plus-TCP/source/FreeRTOS_TCP_IP.o
                0x000000000000553c                prvTCPNextTimeout
 .text.xTCPSocketCheck
                0x00000000000055c6       0x8e build//home/kj/FreeRTOS_Sagar/FreeRTOS_Master/FreeRTOS-Plus/Source/FreeRTOS-Plus-TCP/source/FreeRTOS_TCP_IP.o
                0x00000000000055c6                xTCPSocketCheck
 .text.xProcessReceivedTCPPacket
                0x0000000000005654      0x1f6 build//home/kj/FreeRTOS_Sagar/FreeRTOS_Master/FreeRTOS-Plus/Source/FreeRTOS-Plus-TCP/source/FreeRTOS_TCP_IP.o
                0x0000000000005654                xProcessReceivedTCPPacket
 *fill*         0x000000000000584a        0x2 
 .text.xTCPCheckNewClient
                0x000000000000584c       0x3c build//home/kj/FreeRTOS_Sagar/FreeRTOS_Master/FreeRTOS-Plus/Source/FreeRTOS-Plus-TCP/source/FreeRTOS_TCP_IP.o
                0x000000000000584c                xTCPCheckNewClient
 .text.prvCheckOptions
                0x0000000000005888      0x17c build//home/kj/FreeRTOS_Sagar/FreeRTOS_Master/FreeRTOS-Plus/Source/FreeRTOS-Plus-TCP/source/FreeRTOS_TCP_Reception.o
                0x0000000000005888                prvCheckOptions
 .text.prvCheckRxData
                0x0000000000005a04       0x78 build//home/kj/FreeRTOS_Sagar/FreeRTOS_Master/FreeRTOS-Plus/Source/FreeRTOS-Plus-TCP/source/FreeRTOS_TCP_Reception.o
                0x0000000000005a04                prvCheckRxData
 .text.prvStoreRxData
                0x0000000000005a7c       0x9c build//home/kj/FreeRTOS_Sagar/FreeRTOS_Master/FreeRTOS-Plus/Source/FreeRTOS-Plus-TCP/source/FreeRTOS_TCP_Reception.o
                0x0000000000005a7c                prvStoreRxData
 .text.prvTCPHandleFin
                0x0000000000005b18       0xbc build//home/kj/FreeRTOS_Sagar/FreeRTOS_Master/FreeRTOS-Plus/Source/FreeRTOS-Plus-TCP/source/FreeRTOS_TCP_State_Handling.o
 .text.prvTCPSocketIsActive
                0x0000000000005bd4       0x1a build//home/kj/FreeRTOS_Sagar/FreeRTOS_Master/FreeRTOS-Plus/Source/FreeRTOS-Plus-TCP/source/FreeRTOS_TCP_State_Handling.o
                0x0000000000005bd4                prvTCPSocketIsActive
 .text.prvTCPStatusAgeCheck
                0x0000000000005bee       0x48 build//home/kj/FreeRTOS_Sagar/FreeRTOS_Master/FreeRTOS-Plus/Source/FreeRTOS-Plus-TCP/source/FreeRTOS_TCP_State_Handling.o
                0x0000000000005bee                prvTCPStatusAgeCheck
 .text.prvTCPHandleState
                0x0000000000005c36      0x3b6 build//home/kj/FreeRTOS_Sagar/FreeRTOS_Master/FreeRTOS-Plus/Source/FreeRTOS-Plus-TCP/source/FreeRTOS_TCP_State_Handling.o
                0x0000000000005c36                prvTCPHandleState
 .text.prvHandleListen
                0x0000000000005fec       0x20 build//home/kj/FreeRTOS_Sagar/FreeRTOS_Master/FreeRTOS-Plus/Source/FreeRTOS-Plus-TCP/source/FreeRTOS_TCP_State_Handling.o
                0x0000000000005fec                prvHandleListen
 .text.prvTCPSocketCopy
                0x000000000000600c       0x9a build//home/kj/FreeRTOS_Sagar/FreeRTOS_Master/FreeRTOS-Plus/Source/FreeRTOS-Plus-TCP/source/FreeRTOS_TCP_State_Handling.o
                0x000000000000600c                prvTCPSocketCopy
 *fill*         0x00000000000060a6        0x2 
 .text.FreeRTOS_GetTCPStateName
                0x00000000000060a8       0x14 build//home/kj/FreeRTOS_Sagar/FreeRTOS_Master/FreeRTOS-Plus/Source/FreeRTOS-Plus-TCP/source/FreeRTOS_TCP_State_Handling.o
                0x00000000000060a8                FreeRTOS_GetTCPStateName
 .text.prvHandleListen_IPV4
                0x00000000000060bc      0x140 build//home/kj/FreeRTOS_Sagar/FreeRTOS_Master/FreeRTOS-Plus/Source/FreeRTOS-Plus-TCP/source/FreeRTOS_TCP_State_Handling_IPv4.o
                0x00000000000060bc                prvHandleListen_IPV4
 .text.prvTCPReturnPacket
                0x00000000000061fc       0x24 build//home/kj/FreeRTOS_Sagar/FreeRTOS_Master/FreeRTOS-Plus/Source/FreeRTOS-Plus-TCP/source/FreeRTOS_TCP_Transmission.o
                0x00000000000061fc                prvTCPReturnPacket
 .text.prvTCPReturn_CheckTCPWindow
                0x0000000000006220       0x70 build//home/kj/FreeRTOS_Sagar/FreeRTOS_Master/FreeRTOS-Plus/Source/FreeRTOS-Plus-TCP/source/FreeRTOS_TCP_Transmission.o
                0x0000000000006220                prvTCPReturn_CheckTCPWindow
 .text.prvTCPReturn_SetSequenceNumber
                0x0000000000006290       0x5e build//home/kj/FreeRTOS_Sagar/FreeRTOS_Master/FreeRTOS-Plus/Source/FreeRTOS-Plus-TCP/source/FreeRTOS_TCP_Transmission.o
                0x0000000000006290                prvTCPReturn_SetSequenceNumber
 .text.prvTCPCreateWindow
                0x00000000000062ee       0x2e build//home/kj/FreeRTOS_Sagar/FreeRTOS_Master/FreeRTOS-Plus/Source/FreeRTOS-Plus-TCP/source/FreeRTOS_TCP_Transmission.o
                0x00000000000062ee                prvTCPCreateWindow
 .text.prvSetSynAckOptions
                0x000000000000631c       0x4c build//home/kj/FreeRTOS_Sagar/FreeRTOS_Master/FreeRTOS-Plus/Source/FreeRTOS-Plus-TCP/source/FreeRTOS_TCP_Transmission.o
                0x000000000000631c                prvSetSynAckOptions
 .text.prvTCPBufferResize
                0x0000000000006368       0x7c build//home/kj/FreeRTOS_Sagar/FreeRTOS_Master/FreeRTOS-Plus/Source/FreeRTOS-Plus-TCP/source/FreeRTOS_TCP_Transmission.o
                0x0000000000006368                prvTCPBufferResize
 .text.prvTCPReturn_SetEndPoint
                0x00000000000063e4       0xa4 build//home/kj/FreeRTOS_Sagar/FreeRTOS_Master/FreeRTOS-Plus/Source/FreeRTOS-Plus-TCP/source/FreeRTOS_TCP_Transmission.o
                0x00000000000063e4                prvTCPReturn_SetEndPoint
 .text.prvTCPPrepareSend
                0x0000000000006488      0x1da build//home/kj/FreeRTOS_Sagar/FreeRTOS_Master/FreeRTOS-Plus/Source/FreeRTOS-Plus-TCP/source/FreeRTOS_TCP_Transmission.o
                0x0000000000006488                prvTCPPrepareSend
 .text.prvTCPSendRepeated
                0x0000000000006662       0x36 build//home/kj/FreeRTOS_Sagar/FreeRTOS_Master/FreeRTOS-Plus/Source/FreeRTOS-Plus-TCP/source/FreeRTOS_TCP_Transmission.o
                0x0000000000006662                prvTCPSendRepeated
 .text.prvTCPSendPacket
                0x0000000000006698       0x90 build//home/kj/FreeRTOS_Sagar/FreeRTOS_Master/FreeRTOS-Plus/Source/FreeRTOS-Plus-TCP/source/FreeRTOS_TCP_Transmission.o
                0x0000000000006698                prvTCPSendPacket
 .text.prvTCPAddTxData
                0x0000000000006728       0x32 build//home/kj/FreeRTOS_Sagar/FreeRTOS_Master/FreeRTOS-Plus/Source/FreeRTOS-Plus-TCP/source/FreeRTOS_TCP_Transmission.o
                0x0000000000006728                prvTCPAddTxData
 .text.prvSetOptions
                0x000000000000675a       0x5e build//home/kj/FreeRTOS_Sagar/FreeRTOS_Master/FreeRTOS-Plus/Source/FreeRTOS-Plus-TCP/source/FreeRTOS_TCP_Transmission.o
                0x000000000000675a                prvSetOptions
 .text.prvSendData
                0x00000000000067b8       0xa4 build//home/kj/FreeRTOS_Sagar/FreeRTOS_Master/FreeRTOS-Plus/Source/FreeRTOS-Plus-TCP/source/FreeRTOS_TCP_Transmission.o
                0x00000000000067b8                prvSendData
 .text.prvTCPSendSpecialPacketHelper
                0x000000000000685c       0x1e build//home/kj/FreeRTOS_Sagar/FreeRTOS_Master/FreeRTOS-Plus/Source/FreeRTOS-Plus-TCP/source/FreeRTOS_TCP_Transmission.o
                0x000000000000685c                prvTCPSendSpecialPacketHelper
 .text.prvTCPSendChallengeAck
                0x000000000000687a        0x6 build//home/kj/FreeRTOS_Sagar/FreeRTOS_Master/FreeRTOS-Plus/Source/FreeRTOS-Plus-TCP/source/FreeRTOS_TCP_Transmission.o
                0x000000000000687a                prvTCPSendChallengeAck
 .text.prvTCPSendReset
                0x0000000000006880        0x6 build//home/kj/FreeRTOS_Sagar/FreeRTOS_Master/FreeRTOS-Plus/Source/FreeRTOS-Plus-TCP/source/FreeRTOS_TCP_Transmission.o
                0x0000000000006880                prvTCPSendReset
 *fill*         0x0000000000006886        0x2 
 .text.prvTCPReturnPacket_IPV4
                0x0000000000006888      0x16c build//home/kj/FreeRTOS_Sagar/FreeRTOS_Master/FreeRTOS-Plus/Source/FreeRTOS-Plus-TCP/source/FreeRTOS_TCP_Transmission_IPv4.o
                0x0000000000006888                prvTCPReturnPacket_IPV4
 .text.prvTCPPrepareConnect_IPV4
                0x00000000000069f4       0xde build//home/kj/FreeRTOS_Sagar/FreeRTOS_Master/FreeRTOS-Plus/Source/FreeRTOS-Plus-TCP/source/FreeRTOS_TCP_Transmission_IPv4.o
                0x00000000000069f4                prvTCPPrepareConnect_IPV4
 .text.prvTCPSendSpecialPktHelper_IPV4
                0x0000000000006ad2       0x34 build//home/kj/FreeRTOS_Sagar/FreeRTOS_Master/FreeRTOS-Plus/Source/FreeRTOS-Plus-TCP/source/FreeRTOS_TCP_Transmission_IPv4.o
                0x0000000000006ad2                prvTCPSendSpecialPktHelper_IPV4
 .text.prvSocketSetMSS
                0x0000000000006b06        0xc build//home/kj/FreeRTOS_Sagar/FreeRTOS_Master/FreeRTOS-Plus/Source/FreeRTOS-Plus-TCP/source/FreeRTOS_TCP_Utils.o
                0x0000000000006b06                prvSocketSetMSS
 .text.prvSocketSetMSS_IPV4
                0x0000000000006b12       0x2e build//home/kj/FreeRTOS_Sagar/FreeRTOS_Master/FreeRTOS-Plus/Source/FreeRTOS-Plus-TCP/source/FreeRTOS_TCP_Utils_IPv4.o
                0x0000000000006b12                prvSocketSetMSS_IPV4
 .text.vListInsertFifo
                0x0000000000006b40       0x18 build//home/kj/FreeRTOS_Sagar/FreeRTOS_Master/FreeRTOS-Plus/Source/FreeRTOS-Plus-TCP/source/FreeRTOS_TCP_WIN.o
 .text.xTCPWindowRxFind
                0x0000000000006b58       0x1e build//home/kj/FreeRTOS_Sagar/FreeRTOS_Master/FreeRTOS-Plus/Source/FreeRTOS-Plus-TCP/source/FreeRTOS_TCP_WIN.o
 *fill*         0x0000000000006b76        0x2 
 .text.vTCPWindowFree
                0x0000000000006b78       0x34 build//home/kj/FreeRTOS_Sagar/FreeRTOS_Master/FreeRTOS-Plus/Source/FreeRTOS-Plus-TCP/source/FreeRTOS_TCP_WIN.o
 .text.prvTCPWindowTxHasSpace
                0x0000000000006bac       0x3e build//home/kj/FreeRTOS_Sagar/FreeRTOS_Master/FreeRTOS-Plus/Source/FreeRTOS-Plus-TCP/source/FreeRTOS_TCP_WIN.o
 .text.prvTCPWindowTxCheckAck
                0x0000000000006bea       0xf8 build//home/kj/FreeRTOS_Sagar/FreeRTOS_Master/FreeRTOS-Plus/Source/FreeRTOS-Plus-TCP/source/FreeRTOS_TCP_WIN.o
 .text.xSequenceLessThan
                0x0000000000006ce2        0x6 build//home/kj/FreeRTOS_Sagar/FreeRTOS_Master/FreeRTOS-Plus/Source/FreeRTOS-Plus-TCP/source/FreeRTOS_TCP_WIN.o
                0x0000000000006ce2                xSequenceLessThan
 .text.xSequenceGreaterThan
                0x0000000000006ce8        0x6 build//home/kj/FreeRTOS_Sagar/FreeRTOS_Master/FreeRTOS-Plus/Source/FreeRTOS-Plus-TCP/source/FreeRTOS_TCP_WIN.o
                0x0000000000006ce8                xSequenceGreaterThan
 .text.xTCPWindowRxEmpty
                0x0000000000006cee       0x18 build//home/kj/FreeRTOS_Sagar/FreeRTOS_Master/FreeRTOS-Plus/Source/FreeRTOS-Plus-TCP/source/FreeRTOS_TCP_WIN.o
                0x0000000000006cee                xTCPWindowRxEmpty
 .text.vTCPWindowDestroy
                0x0000000000006d06       0x3a build//home/kj/FreeRTOS_Sagar/FreeRTOS_Master/FreeRTOS-Plus/Source/FreeRTOS-Plus-TCP/source/FreeRTOS_TCP_WIN.o
                0x0000000000006d06                vTCPWindowDestroy
 .text.vTCPWindowInit
                0x0000000000006d40       0x42 build//home/kj/FreeRTOS_Sagar/FreeRTOS_Master/FreeRTOS-Plus/Source/FreeRTOS-Plus-TCP/source/FreeRTOS_TCP_WIN.o
                0x0000000000006d40                vTCPWindowInit
 *fill*         0x0000000000006d82        0x2 
 .text.xTCPWindowCreate
                0x0000000000006d84       0x9c build//home/kj/FreeRTOS_Sagar/FreeRTOS_Master/FreeRTOS-Plus/Source/FreeRTOS-Plus-TCP/source/FreeRTOS_TCP_WIN.o
                0x0000000000006d84                xTCPWindowCreate
 .text.lTCPWindowRxCheck
                0x0000000000006e20      0x140 build//home/kj/FreeRTOS_Sagar/FreeRTOS_Master/FreeRTOS-Plus/Source/FreeRTOS-Plus-TCP/source/FreeRTOS_TCP_WIN.o
                0x0000000000006e20                lTCPWindowRxCheck
 .text.lTCPWindowTxAdd
                0x0000000000006f60       0xf4 build//home/kj/FreeRTOS_Sagar/FreeRTOS_Master/FreeRTOS-Plus/Source/FreeRTOS-Plus-TCP/source/FreeRTOS_TCP_WIN.o
                0x0000000000006f60                lTCPWindowTxAdd
 .text.xTCPWindowTxDone
                0x0000000000007054        0xc build//home/kj/FreeRTOS_Sagar/FreeRTOS_Master/FreeRTOS-Plus/Source/FreeRTOS-Plus-TCP/source/FreeRTOS_TCP_WIN.o
                0x0000000000007054                xTCPWindowTxDone
 .text.xTCPWindowTxHasData
                0x0000000000007060       0x60 build//home/kj/FreeRTOS_Sagar/FreeRTOS_Master/FreeRTOS-Plus/Source/FreeRTOS-Plus-TCP/source/FreeRTOS_TCP_WIN.o
                0x0000000000007060                xTCPWindowTxHasData
 .text.ulTCPWindowTxGet
                0x00000000000070c0       0xf4 build//home/kj/FreeRTOS_Sagar/FreeRTOS_Master/FreeRTOS-Plus/Source/FreeRTOS-Plus-TCP/source/FreeRTOS_TCP_WIN.o
                0x00000000000070c0                ulTCPWindowTxGet
 .text.ulTCPWindowTxAck
                0x00000000000071b4       0x12 build//home/kj/FreeRTOS_Sagar/FreeRTOS_Master/FreeRTOS-Plus/Source/FreeRTOS-Plus-TCP/source/FreeRTOS_TCP_WIN.o
                0x00000000000071b4                ulTCPWindowTxAck
 .text.ulTCPWindowTxSack
                0x00000000000071c6       0x56 build//home/kj/FreeRTOS_Sagar/FreeRTOS_Master/FreeRTOS-Plus/Source/FreeRTOS-Plus-TCP/source/FreeRTOS_TCP_WIN.o
                0x00000000000071c6                ulTCPWindowTxSack
 .text.vProcessGeneratedUDPPacket
                0x000000000000721c       0x10 build//home/kj/FreeRTOS_Sagar/FreeRTOS_Master/FreeRTOS-Plus/Source/FreeRTOS-Plus-TCP/source/FreeRTOS_UDP_IP.o
                0x000000000000721c                vProcessGeneratedUDPPacket
 .text.xProcessReceivedUDPPacket
                0x000000000000722c       0x30 build//home/kj/FreeRTOS_Sagar/FreeRTOS_Master/FreeRTOS-Plus/Source/FreeRTOS-Plus-TCP/source/FreeRTOS_UDP_IP.o
                0x000000000000722c                xProcessReceivedUDPPacket
 .text.vProcessGeneratedUDPPacket_IPv4
                0x000000000000725c      0x118 build//home/kj/FreeRTOS_Sagar/FreeRTOS_Master/FreeRTOS-Plus/Source/FreeRTOS-Plus-TCP/source/FreeRTOS_UDP_IPv4.o
                0x000000000000725c                vProcessGeneratedUDPPacket_IPv4
 .text.xProcessReceivedUDPPacket_IPv4
                0x0000000000007374       0xd2 build//home/kj/FreeRTOS_Sagar/FreeRTOS_Master/FreeRTOS-Plus/Source/FreeRTOS-Plus-TCP/source/FreeRTOS_UDP_IPv4.o
                0x0000000000007374                xProcessReceivedUDPPacket_IPv4
 *fill*         0x0000000000007446        0x2 
 .text.xNetworkBuffersInitialise
                0x0000000000007448       0x70 build//home/kj/FreeRTOS_Sagar/FreeRTOS_Master/FreeRTOS-Plus/Source/FreeRTOS-Plus-TCP/source/portable/BufferManagement/BufferAllocation_2.o
                0x0000000000007448                xNetworkBuffersInitialise
 .text.pucGetNetworkBuffer
                0x00000000000074b8       0x44 build//home/kj/FreeRTOS_Sagar/FreeRTOS_Master/FreeRTOS-Plus/Source/FreeRTOS-Plus-TCP/source/portable/BufferManagement/BufferAllocation_2.o
                0x00000000000074b8                pucGetNetworkBuffer
 .text.vReleaseNetworkBuffer
                0x00000000000074fc        0xa build//home/kj/FreeRTOS_Sagar/FreeRTOS_Master/FreeRTOS-Plus/Source/FreeRTOS-Plus-TCP/source/portable/BufferManagement/BufferAllocation_2.o
                0x00000000000074fc                vReleaseNetworkBuffer
 *fill*         0x0000000000007506        0x2 
 .text.vReleaseNetworkBufferAndDescriptor
                0x0000000000007508       0x48 build//home/kj/FreeRTOS_Sagar/FreeRTOS_Master/FreeRTOS-Plus/Source/FreeRTOS-Plus-TCP/source/portable/BufferManagement/BufferAllocation_2.o
                0x0000000000007508                vReleaseNetworkBufferAndDescriptor
 .text.pxGetNetworkBufferWithDescriptor
                0x0000000000007550       0xac build//home/kj/FreeRTOS_Sagar/FreeRTOS_Master/FreeRTOS-Plus/Source/FreeRTOS-Plus-TCP/source/portable/BufferManagement/BufferAllocation_2.o
                0x0000000000007550                pxGetNetworkBufferWithDescriptor
 .text.uxGetNumberOfFreeNetworkBuffers
                0x00000000000075fc        0xc build//home/kj/FreeRTOS_Sagar/FreeRTOS_Master/FreeRTOS-Plus/Source/FreeRTOS-Plus-TCP/source/portable/BufferManagement/BufferAllocation_2.o
                0x00000000000075fc                uxGetNumberOfFreeNetworkBuffers
 .text.uxGetMinimumFreeNetworkBuffers
                0x0000000000007608        0xc build//home/kj/FreeRTOS_Sagar/FreeRTOS_Master/FreeRTOS-Plus/Source/FreeRTOS-Plus-TCP/source/portable/BufferManagement/BufferAllocation_2.o
                0x0000000000007608                uxGetMinimumFreeNetworkBuffers
 .text.pxResizeNetworkBufferWithDescriptor
                0x0000000000007614       0x46 build//home/kj/FreeRTOS_Sagar/FreeRTOS_Master/FreeRTOS-Plus/Source/FreeRTOS-Plus-TCP/source/portable/BufferManagement/BufferAllocation_2.o
                0x0000000000007614                pxResizeNetworkBufferWithDescriptor
 *fill*         0x000000000000765a        0x2 
 .text.xMPS2_GetPhyLinkStatus
                0x000000000000765c       0x1c build//home/kj/FreeRTOS_Sagar/FreeRTOS_Master/FreeRTOS-Plus/Source/FreeRTOS-Plus-TCP/source/portable/NetworkInterface/MPS2_AN385/NetworkInterface.o
 .text.xMPS2_NetworkInterfaceOutput
                0x0000000000007678       0x48 build//home/kj/FreeRTOS_Sagar/FreeRTOS_Master/FreeRTOS-Plus/Source/FreeRTOS-Plus-TCP/source/portable/NetworkInterface/MPS2_AN385/NetworkInterface.o
 .text.prvWait_ms
                0x00000000000076c0       0x1c build//home/kj/FreeRTOS_Sagar/FreeRTOS_Master/FreeRTOS-Plus/Source/FreeRTOS-Plus-TCP/source/portable/NetworkInterface/MPS2_AN385/NetworkInterface.o
 .text.prvRxTask
                0x00000000000076dc       0xa8 build//home/kj/FreeRTOS_Sagar/FreeRTOS_Master/FreeRTOS-Plus/Source/FreeRTOS-Plus-TCP/source/portable/NetworkInterface/MPS2_AN385/NetworkInterface.o
 .text.xMPS2_NetworkInterfaceInitialise
                0x0000000000007784      0x170 build//home/kj/FreeRTOS_Sagar/FreeRTOS_Master/FreeRTOS-Plus/Source/FreeRTOS-Plus-TCP/source/portable/NetworkInterface/MPS2_AN385/NetworkInterface.o
 .text.EthernetISR
                0x00000000000078f4       0x60 build//home/kj/FreeRTOS_Sagar/FreeRTOS_Master/FreeRTOS-Plus/Source/FreeRTOS-Plus-TCP/source/portable/NetworkInterface/MPS2_AN385/NetworkInterface.o
                0x00000000000078f4                EthernetISR
 .text.pxMPS2_FillInterfaceDescriptor
                0x0000000000007954       0x54 build//home/kj/FreeRTOS_Sagar/FreeRTOS_Master/FreeRTOS-Plus/Source/FreeRTOS-Plus-TCP/source/portable/NetworkInterface/MPS2_AN385/NetworkInterface.o
                0x0000000000007954                pxMPS2_FillInterfaceDescriptor
 .text.smsc9220_mac_regread
                0x00000000000079a8       0x50 build//home/kj/FreeRTOS_Sagar/FreeRTOS_Master/FreeRTOS-Plus/Source/FreeRTOS-Plus-TCP/source/portable/NetworkInterface/MPS2_AN385/ether_lan9118/smsc9220_eth_drv.o
                0x00000000000079a8                smsc9220_mac_regread
 .text.smsc9220_mac_regwrite
                0x00000000000079f8       0x54 build//home/kj/FreeRTOS_Sagar/FreeRTOS_Master/FreeRTOS-Plus/Source/FreeRTOS-Plus-TCP/source/portable/NetworkInterface/MPS2_AN385/ether_lan9118/smsc9220_eth_drv.o
                0x00000000000079f8                smsc9220_mac_regwrite
 .text.smsc9220_phy_regread
                0x0000000000007a4c       0x72 build//home/kj/FreeRTOS_Sagar/FreeRTOS_Master/FreeRTOS-Plus/Source/FreeRTOS-Plus-TCP/source/portable/NetworkInterface/MPS2_AN385/ether_lan9118/smsc9220_eth_drv.o
                0x0000000000007a4c                smsc9220_phy_regread
 .text.smsc9220_phy_regwrite
                0x0000000000007abe       0x78 build//home/kj/FreeRTOS_Sagar/FreeRTOS_Master/FreeRTOS-Plus/Source/FreeRTOS-Plus-TCP/source/portable/NetworkInterface/MPS2_AN385/ether_lan9118/smsc9220_eth_drv.o
                0x0000000000007abe                smsc9220_phy_regwrite
 .text.smsc9220_soft_reset
                0x0000000000007b36       0x2e build//home/kj/FreeRTOS_Sagar/FreeRTOS_Master/FreeRTOS-Plus/Source/FreeRTOS-Plus-TCP/source/portable/NetworkInterface/MPS2_AN385/ether_lan9118/smsc9220_eth_drv.o
                0x0000000000007b36                smsc9220_soft_reset
 .text.smsc9220_set_fifo_level_irq
                0x0000000000007b64       0x26 build//home/kj/FreeRTOS_Sagar/FreeRTOS_Master/FreeRTOS-Plus/Source/FreeRTOS-Plus-TCP/source/portable/NetworkInterface/MPS2_AN385/ether_lan9118/smsc9220_eth_drv.o
                0x0000000000007b64                smsc9220_set_fifo_level_irq
 .text.smsc9220_wait_eeprom
                0x0000000000007b8a       0x28 build//home/kj/FreeRTOS_Sagar/FreeRTOS_Master/FreeRTOS-Plus/Source/FreeRTOS-Plus-TCP/source/portable/NetworkInterface/MPS2_AN385/ether_lan9118/smsc9220_eth_drv.o
                0x0000000000007b8a                smsc9220_wait_eeprom
 .text.smsc9220_check_phy
                0x0000000000007bb2       0x40 build//home/kj/FreeRTOS_Sagar/FreeRTOS_Master/FreeRTOS-Plus/Source/FreeRTOS-Plus-TCP/source/portable/NetworkInterface/MPS2_AN385/ether_lan9118/smsc9220_eth_drv.o
                0x0000000000007bb2                smsc9220_check_phy
 .text.smsc9220_reset_phy
                0x0000000000007bf2       0x28 build//home/kj/FreeRTOS_Sagar/FreeRTOS_Master/FreeRTOS-Plus/Source/FreeRTOS-Plus-TCP/source/portable/NetworkInterface/MPS2_AN385/ether_lan9118/smsc9220_eth_drv.o
                0x0000000000007bf2                smsc9220_reset_phy
 .text.smsc9220_advertise_cap
                0x0000000000007c1a       0x24 build//home/kj/FreeRTOS_Sagar/FreeRTOS_Master/FreeRTOS-Plus/Source/FreeRTOS-Plus-TCP/source/portable/NetworkInterface/MPS2_AN385/ether_lan9118/smsc9220_eth_drv.o
                0x0000000000007c1a                smsc9220_advertise_cap
 .text.smsc9220_enable_xmit
                0x0000000000007c3e        0xe build//home/kj/FreeRTOS_Sagar/FreeRTOS_Master/FreeRTOS-Plus/Source/FreeRTOS-Plus-TCP/source/portable/NetworkInterface/MPS2_AN385/ether_lan9118/smsc9220_eth_drv.o
                0x0000000000007c3e                smsc9220_enable_xmit
 .text.smsc9220_enable_mac_xmit
                0x0000000000007c4c       0x24 build//home/kj/FreeRTOS_Sagar/FreeRTOS_Master/FreeRTOS-Plus/Source/FreeRTOS-Plus-TCP/source/portable/NetworkInterface/MPS2_AN385/ether_lan9118/smsc9220_eth_drv.o
                0x0000000000007c4c                smsc9220_enable_mac_xmit
 .text.smsc9220_enable_mac_recv
                0x0000000000007c70       0x24 build//home/kj/FreeRTOS_Sagar/FreeRTOS_Master/FreeRTOS-Plus/Source/FreeRTOS-Plus-TCP/source/portable/NetworkInterface/MPS2_AN385/ether_lan9118/smsc9220_eth_drv.o
                0x0000000000007c70                smsc9220_enable_mac_recv
 .text.smsc9220_check_id
                0x0000000000007c94       0x12 build//home/kj/FreeRTOS_Sagar/FreeRTOS_Master/FreeRTOS-Plus/Source/FreeRTOS-Plus-TCP/source/portable/NetworkInterface/MPS2_AN385/ether_lan9118/smsc9220_eth_drv.o
                0x0000000000007c94                smsc9220_check_id
 .text.smsc9220_enable_interrupt
                0x0000000000007ca6       0x10 build//home/kj/FreeRTOS_Sagar/FreeRTOS_Master/FreeRTOS-Plus/Source/FreeRTOS-Plus-TCP/source/portable/NetworkInterface/MPS2_AN385/ether_lan9118/smsc9220_eth_drv.o
                0x0000000000007ca6                smsc9220_enable_interrupt
 .text.smsc9220_disable_interrupt
                0x0000000000007cb6       0x12 build//home/kj/FreeRTOS_Sagar/FreeRTOS_Master/FreeRTOS-Plus/Source/FreeRTOS-Plus-TCP/source/portable/NetworkInterface/MPS2_AN385/ether_lan9118/smsc9220_eth_drv.o
                0x0000000000007cb6                smsc9220_disable_interrupt
 .text.smsc9220_disable_all_interrupts
                0x0000000000007cc8        0xa build//home/kj/FreeRTOS_Sagar/FreeRTOS_Master/FreeRTOS-Plus/Source/FreeRTOS-Plus-TCP/source/portable/NetworkInterface/MPS2_AN385/ether_lan9118/smsc9220_eth_drv.o
                0x0000000000007cc8                smsc9220_disable_all_interrupts
 .text.smsc9220_clear_interrupt
                0x0000000000007cd2       0x10 build//home/kj/FreeRTOS_Sagar/FreeRTOS_Master/FreeRTOS-Plus/Source/FreeRTOS-Plus-TCP/source/portable/NetworkInterface/MPS2_AN385/ether_lan9118/smsc9220_eth_drv.o
                0x0000000000007cd2                smsc9220_clear_interrupt
 .text.get_irq_status
                0x0000000000007ce2        0x8 build//home/kj/FreeRTOS_Sagar/FreeRTOS_Master/FreeRTOS-Plus/Source/FreeRTOS-Plus-TCP/source/portable/NetworkInterface/MPS2_AN385/ether_lan9118/smsc9220_eth_drv.o
                0x0000000000007ce2                get_irq_status
 .text.smsc9220_clear_all_interrupts
                0x0000000000007cea        0xc build//home/kj/FreeRTOS_Sagar/FreeRTOS_Master/FreeRTOS-Plus/Source/FreeRTOS-Plus-TCP/source/portable/NetworkInterface/MPS2_AN385/ether_lan9118/smsc9220_eth_drv.o
                0x0000000000007cea                smsc9220_clear_all_interrupts
 .text.smsc9220_init_irqs
                0x0000000000007cf6       0x30 build//home/kj/FreeRTOS_Sagar/FreeRTOS_Master/FreeRTOS-Plus/Source/FreeRTOS-Plus-TCP/source/portable/NetworkInterface/MPS2_AN385/ether_lan9118/smsc9220_eth_drv.o
                0x0000000000007cf6                smsc9220_init_irqs
 .text.smsc9220_establish_link
                0x0000000000007d26       0x30 build//home/kj/FreeRTOS_Sagar/FreeRTOS_Master/FreeRTOS-Plus/Source/FreeRTOS-Plus-TCP/source/portable/NetworkInterface/MPS2_AN385/ether_lan9118/smsc9220_eth_drv.o
                0x0000000000007d26                smsc9220_establish_link
 .text.smsc9220_init
                0x0000000000007d56      0x124 build//home/kj/FreeRTOS_Sagar/FreeRTOS_Master/FreeRTOS-Plus/Source/FreeRTOS-Plus-TCP/source/portable/NetworkInterface/MPS2_AN385/ether_lan9118/smsc9220_eth_drv.o
                0x0000000000007d56                smsc9220_init
 .text.smsc9220_send_by_chunks
                0x0000000000007e7a       0xe8 build//home/kj/FreeRTOS_Sagar/FreeRTOS_Master/FreeRTOS-Plus/Source/FreeRTOS-Plus-TCP/source/portable/NetworkInterface/MPS2_AN385/ether_lan9118/smsc9220_eth_drv.o
                0x0000000000007e7a                smsc9220_send_by_chunks
 .text.smsc9220_get_rxfifo_data_used_space
                0x0000000000007f62        0xa build//home/kj/FreeRTOS_Sagar/FreeRTOS_Master/FreeRTOS-Plus/Source/FreeRTOS-Plus-TCP/source/portable/NetworkInterface/MPS2_AN385/ether_lan9118/smsc9220_eth_drv.o
                0x0000000000007f62                smsc9220_get_rxfifo_data_used_space
 .text.smsc9220_receive_by_chunks
                0x0000000000007f6c       0x56 build//home/kj/FreeRTOS_Sagar/FreeRTOS_Master/FreeRTOS-Plus/Source/FreeRTOS-Plus-TCP/source/portable/NetworkInterface/MPS2_AN385/ether_lan9118/smsc9220_eth_drv.o
                0x0000000000007f6c                smsc9220_receive_by_chunks
 .text.smsc9220_peek_next_packet_size
                0x0000000000007fc2       0x2c build//home/kj/FreeRTOS_Sagar/FreeRTOS_Master/FreeRTOS-Plus/Source/FreeRTOS-Plus-TCP/source/portable/NetworkInterface/MPS2_AN385/ether_lan9118/smsc9220_eth_drv.o
                0x0000000000007fc2                smsc9220_peek_next_packet_size
 *fill*         0x0000000000007fee        0x2 
 .text          0x0000000000007ff0       0x30 /usr/lib/gcc/arm-none-eabi/10.3.1/thumb/v7-m/nofp/libgcc.a(_aeabi_uldivmod.o)
                0x0000000000007ff0                __aeabi_uldivmod
 .text          0x0000000000008020      0x2d4 /usr/lib/gcc/arm-none-eabi/10.3.1/thumb/v7-m/nofp/libgcc.a(_udivmoddi4.o)
                0x0000000000008020                __udivmoddi4
 .text          0x00000000000082f4        0x4 /usr/lib/gcc/arm-none-eabi/10.3.1/thumb/v7-m/nofp/libgcc.a(_dvmd_tls.o)
                0x00000000000082f4                __aeabi_ldiv0
                0x00000000000082f4                __aeabi_idiv0
 .text          0x00000000000082f8       0x20 /usr/lib/gcc/arm-none-eabi/10.3.1/../../../arm-none-eabi/lib/thumb/v7-m/nofp/libc_nano.a(lib_a-malloc.o)
                0x00000000000082f8                malloc
                0x0000000000008308                free
 .text          0x0000000000008318       0x68 /usr/lib/gcc/arm-none-eabi/10.3.1/../../../arm-none-eabi/lib/thumb/v7-m/nofp/libc_nano.a(lib_a-memcmp.o)
                0x0000000000008318                memcmp
 .text          0x0000000000008380       0xec /usr/lib/gcc/arm-none-eabi/10.3.1/../../../arm-none-eabi/lib/thumb/v7-m/nofp/libc_nano.a(lib_a-memcpy.o)
                0x0000000000008380                memcpy
 .text          0x000000000000846c       0xf8 /usr/lib/gcc/arm-none-eabi/10.3.1/../../../arm-none-eabi/lib/thumb/v7-m/nofp/libc_nano.a(lib_a-memmove.o)
                0x000000000000846c                memmove
 .text          0x0000000000008564       0xa4 /usr/lib/gcc/arm-none-eabi/10.3.1/../../../arm-none-eabi/lib/thumb/v7-m/nofp/libc_nano.a(lib_a-memset.o)
                0x0000000000008564                memset
 .text          0x0000000000008608       0xcc /usr/lib/gcc/arm-none-eabi/10.3.1/../../../arm-none-eabi/lib/thumb/v7-m/nofp/libc_nano.a(lib_a-nano-freer.o)
                0x0000000000008608                _free_r
 .text          0x00000000000086d4       0xb8 /usr/lib/gcc/arm-none-eabi/10.3.1/../../../arm-none-eabi/lib/thumb/v7-m/nofp/libc_nano.a(lib_a-nano-mallocr.o)
                0x00000000000086d4                _malloc_r
 .text          0x000000000000878c       0x60 /usr/lib/gcc/arm-none-eabi/10.3.1/../../../arm-none-eabi/lib/thumb/v7-m/nofp/libc_nano.a(lib_a-printf.o)
                0x000000000000878c                _printf_r
                0x000000000000878c                _iprintf_r
                0x00000000000087b8                printf
                0x00000000000087b8                iprintf
 .text          0x00000000000087ec       0x24 /usr/lib/gcc/arm-none-eabi/10.3.1/../../../arm-none-eabi/lib/thumb/v7-m/nofp/libc_nano.a(lib_a-sbrkr.o)
                0x00000000000087ec                _sbrk_r
 .text          0x0000000000008810      0x100 /usr/lib/gcc/arm-none-eabi/10.3.1/../../../arm-none-eabi/lib/thumb/v7-m/nofp/libc_nano.a(lib_a-snprintf.o)
                0x0000000000008810                _sniprintf_r
                0x0000000000008810                _snprintf_r
                0x000000000000888c                snprintf
                0x000000000000888c                sniprintf
 .text          0x0000000000008910      0x1bc /usr/lib/gcc/arm-none-eabi/10.3.1/../../../arm-none-eabi/lib/thumb/v7-m/nofp/libc_nano.a(lib_a-strcmp.o)
                0x0000000000008910                strcmp
 .text          0x0000000000008acc       0x5c /usr/lib/gcc/arm-none-eabi/10.3.1/../../../arm-none-eabi/lib/thumb/v7-m/nofp/libc_nano.a(lib_a-strlen-stub.o)
                0x0000000000008acc                strlen
 .text          0x0000000000008b28       0x68 /usr/lib/gcc/arm-none-eabi/10.3.1/../../../arm-none-eabi/lib/thumb/v7-m/nofp/libc_nano.a(lib_a-strncpy.o)
                0x0000000000008b28                strncpy
 .text          0x0000000000008b90       0x34 /usr/lib/gcc/arm-none-eabi/10.3.1/../../../arm-none-eabi/lib/thumb/v7-m/nofp/libc_nano.a(lib_a-time.o)
                0x0000000000008b90                time
 .text          0x0000000000008bc4       0x50 /usr/lib/gcc/arm-none-eabi/10.3.1/../../../arm-none-eabi/lib/thumb/v7-m/nofp/libc_nano.a(lib_a-vprintf.o)
                0x0000000000008bc4                vprintf
                0x0000000000008bc4                viprintf
                0x0000000000008bf0                _viprintf_r
                0x0000000000008bf0                _vprintf_r
 .text          0x0000000000008c14       0xc4 /usr/lib/gcc/arm-none-eabi/10.3.1/../../../arm-none-eabi/lib/thumb/v7-m/nofp/libc_nano.a(lib_a-wbuf.o)
                0x0000000000008c14                __swbuf_r
                0x0000000000008cc4                __swbuf
 .text          0x0000000000008cd8      0x104 /usr/lib/gcc/arm-none-eabi/10.3.1/../../../arm-none-eabi/lib/thumb/v7-m/nofp/libc_nano.a(lib_a-wsetup.o)
                0x0000000000008cd8                __swsetup_r
 .text          0x0000000000008ddc      0x1dc /usr/lib/gcc/arm-none-eabi/10.3.1/../../../arm-none-eabi/lib/thumb/v7-m/nofp/libc_nano.a(lib_a-fflush.o)
                0x0000000000008ddc                __sflush_r
                0x0000000000008ee4                _fflush_r
                0x0000000000008f38                fflush
 .text          0x0000000000008fb8      0x230 /usr/lib/gcc/arm-none-eabi/10.3.1/../../../arm-none-eabi/lib/thumb/v7-m/nofp/libc_nano.a(lib_a-findfp.o)
                0x0000000000008fbc                _cleanup_r
                0x0000000000008fcc                __sfmoreglue
                0x0000000000008ffc                __sfp
                0x0000000000009194                _cleanup
                0x00000000000091a8                __sinit
                0x00000000000091b0                __sfp_lock_acquire
                0x00000000000091b4                __sfp_lock_release
                0x00000000000091b8                __sinit_lock_acquire
                0x00000000000091bc                __sinit_lock_release
                0x00000000000091c0                __fp_lock_all
                0x00000000000091d4                __fp_unlock_all
 .text          0x00000000000091e8       0x88 /usr/lib/gcc/arm-none-eabi/10.3.1/../../../arm-none-eabi/lib/thumb/v7-m/nofp/libc_nano.a(lib_a-fwalk.o)
                0x00000000000091e8                _fwalk
                0x0000000000009228                _fwalk_reent
 .text          0x0000000000009270       0x28 /usr/lib/gcc/arm-none-eabi/10.3.1/../../../arm-none-eabi/lib/thumb/v7-m/nofp/libc_nano.a(lib_a-gettimeofdayr.o)
                0x0000000000009270                _gettimeofday_r
 .text          0x0000000000009298      0x11c /usr/lib/gcc/arm-none-eabi/10.3.1/../../../arm-none-eabi/lib/thumb/v7-m/nofp/libc_nano.a(lib_a-makebuf.o)
                0x0000000000009298                __smakebuf_r
                0x0000000000009358                __swhatbuf_r
 .text          0x00000000000093b4        0x8 /usr/lib/gcc/arm-none-eabi/10.3.1/../../../arm-none-eabi/lib/thumb/v7-m/nofp/libc_nano.a(lib_a-mlock.o)
                0x00000000000093b4                __malloc_lock
                0x00000000000093b8                __malloc_unlock
 .text          0x00000000000093bc      0x3f4 /usr/lib/gcc/arm-none-eabi/10.3.1/../../../arm-none-eabi/lib/thumb/v7-m/nofp/libc_nano.a(lib_a-nano-svfprintf.o)
                0x00000000000093bc                __ssputs_r
                0x0000000000009480                __ssprint_r
                0x000000000000957c                _svfprintf_r
                0x000000000000957c                _svfiprintf_r
 .text          0x00000000000097b0      0x320 /usr/lib/gcc/arm-none-eabi/10.3.1/../../../arm-none-eabi/lib/thumb/v7-m/nofp/libc_nano.a(lib_a-nano-vfprintf.o)
                0x00000000000097d8                __sfputs_r
                0x0000000000009808                __sprint_r